//my_preload/del-app/aiqiyi/com.qiyi.video.apk 1-19817
//my_preload/del-app/alibaba/com.alibaba.wireless.apk 19818-31646
//my_preload/del-app/baidu/com.baidu.searchbox.apk 31647-66176
//my_preload/del-app/douyin/com.ss.android.ugc.aweme.apk 66177-95483
//my_preload/del-app/fanqiechangting/com.xs.fm.apk 95484-111983
//my_preload/del-app/fanqiexiaoshuo/com.dragon.read.apk 111984-129218
//my_preload/del-app/gaodeditu/com.autonavi.minimap.apk 129219-151821
//my_preload/del-app/hongguoduanju/com.phoenix.read.apk 151822-169767
//my_preload/del-app/jinritoutiao/com.ss.android.article.news.apk 169768-196255
//my_preload/del-app/kuaishou/com.smile.gifmaker.apk 196256-213792
//my_preload/del-app/kuake/com.quark.browser.apk 213793-243103
//my_preload/del-app/meituan/com.sankuai.meituan.apk 243104-259099
//my_preload/del-app/pinduoduo/com.xunmeng.pinduoduo.apk 259100-267933
//my_preload/del-app/taobao/com.taobao.taobao.apk 267934-280261
//my_preload/del-app/tengxunshipin/com.tencent.qqlive.apk 280262-300976
//my_preload/del-app/tongcheng/com.tongcheng.android.apk 300977-307891
//my_preload/del-app/xianyu/com.taobao.idlefish.apk 307892-317803
//my_preload/del-app/xiaohongshu/com.xingin.xhs.apk 317804-332846
//my_preload/del-app/xinlangweibo/com.sina.weibo.apk 332847-370845
//my_preload/del-app/youku/com.youku.phone.apk 370846-386501
//my_preload/del-app/zhifubao/com.eg.android.AlipayGphone.apk 386502-436872
