//odm/bin/MixLut3DTest 1-2
//odm/bin/adsp_ssr_test 3-4
//odm/bin/commcenterd 5-16
//odm/bin/cwb_utils_aidl 17-20
//odm/bin/displaycolorfeature_test 21-22
//odm/bin/displaypanelfeatureTest 23-24
//odm/bin/init.vendor.wifi.autochmod.sh 25-26
//odm/bin/iw 27-60
//odm/bin/iwpriv 61-63
//odm/bin/occe_create 64-83
//odm/bin/oldc_vnd 84
//odm/bin/oplus_sensor_fb 85-86
//odm/bin/oplus_sensor_ssr 87-88
//odm/bin/oplus_sensor_test 89
//odm/bin/oplus_sys_daemon 90-91
//odm/bin/opnscr_aidl 92-110
//odm/bin/sharebufferTest 111-112
//odm/bin/tcpdump_odm 113-298
//odm/bin/tinycap_ftm 299-301
//odm/bin/tinyplay_ftm 302-305
//odm/bin/touchDaemon 306-357
//odm/bin/touchHidlTest 358-360
//odm/bin/vendor.autochmod.sh 361
//odm/bin/wifi_diag 362-363
//odm/etc/Diag.cfg 364
//odm/etc/NOTICE.xml.gz 365-371
//odm/etc/aac_richtap.config 372-375
//odm/etc/audio_effects_config.xml 376
//odm/etc/binaural_record_algo_coeffs.xml 377
//odm/etc/custom_power.cfg 378
//odm/etc/gps.conf 379-380
//odm/etc/izat.conf 381
//odm/etc/libnfc-nci.conf 382
//odm/etc/media_profiles_V1_0.xml 383
//odm/etc/mixer_paths.xml 384-385
//odm/etc/modem_data.cfg 386
//odm/etc/modem_voice.cfg 387
//odm/etc/oem_TDD-BYPASS_platfrom_license.pfm 388
//odm/etc/oem_asm2_tunner_platform_license.pfm 389
//odm/etc/oem_asm2_tunner_platform_trail_license.pfm 390
//odm/etc/oem_q_tunner_platform_license.pfm 391
//odm/etc/oem_q_tunner_platform_trail_license.pfm 392
//odm/etc/oplus_ftm_smart_pa.wav 393-968
//odm/etc/resourcemanager.xml 969-971
//odm/etc/sap.conf 972
//odm/etc/static_lut_bt2020_to_sRGB_mm.cube 973-1041
//odm/etc/usecaseKvManager.xml 1042-1043
//odm/etc/virtual_audio_policy_configuration.xml 1044
//odm/etc/wifi.cfg 1045
//odm/firmware/tfa98xx.cnt 1046
//odm/firmware/uff_face.b01 1047-1063
//odm/firmware/uff_face.b04 1064-1066
//odm/firmware/uff_face.b06 1067-1069
//odm/firmware/uff_face.b08 1070
//odm/firmware/uff_face.mdt 1071
//odm/firmware/uff_jv.b01 1072-1474
//odm/firmware/uff_jv.b04 1475-2635
//odm/firmware/uff_jv.b06 2636-2643
//odm/firmware/uff_jv.b08 2644
//odm/firmware/uff_jv.mdt 2645
//odm/firmware/uff_spi.b01 2646-2656
//odm/firmware/uff_spi.b04 2657
//odm/firmware/uff_spi.b06 2658-2659
//odm/firmware/uff_spi.b08 2660
//odm/firmware/uff_spi.mdt 2661
//odm/framework/androidx.camera.extensions.impl.fake.jar 2662-2905
//odm/lib/android.frameworks.cameraservice.common-V1-ndk.so 2906-2907
//odm/lib/android.frameworks.cameraservice.common-V2-ndk.so 2908-2909
//odm/lib/android.frameworks.cameraservice.device-V2-ndk.so 2910-2918
//odm/lib/android.frameworks.cameraservice.service-V2-ndk.so 2919-2924
//odm/lib/android.hardware.biometrics.face-V4-ndk.so 2925-2937
//odm/lib/android.hardware.ir-V1-ndk.so 2938-2941
//odm/lib/android.hardware.power.stats-V2-ndk.so 2942-2948
//odm/lib/android.hardware.security.keymint-V3-ndk.so 2949-2959
//odm/lib/android.hardware.security.rkp-V3-ndk.so 2960-2964
//odm/lib/android.hardware.vibrator-V2-ndk.so 2965-2975
//odm/lib/android.se.omapi-V1-ndk.so 2976-2984
//odm/lib/ese_weaver.nxp.so 2985-2990
//odm/lib/lib-virtual-modem-protos.so 2991-3059
//odm/lib/libColorMark.so 3060-3078
//odm/lib/libGaiaClient_vnd.so 3079-3081
//odm/lib/libSchedAssistExtImpl_vendor.so 3082-3085
//odm/lib/lib_cryptoeng_api.so 3086
//odm/lib/lib_geofencing.so 3087-3101
//odm/lib/lib_lvacfs.so 3102-3232
//odm/lib/libaudiobinauralrecord.so 3233-3245
//odm/lib/libcamera2ndk_vendor.so 3246-3282
//odm/lib/libchrome.so 3283-3412
//odm/lib/libcppbor.so 3413-3419
//odm/lib/libcppbor_external.so 3420-3426
//odm/lib/libdisplayfossfeature_nature.so 3427-3429
//odm/lib/libdisplaysharpness.so 3430-3442
//odm/lib/libdpaservice.so 3443-3446
//odm/lib/libesesbprovision.so 3447-3450
//odm/lib/libevent.so 3451-3491
//odm/lib/libhwconfigurationutil.so 3492-3499
//odm/lib/libjc_keymint3.nxp.so 3500-3537
//odm/lib/libjc_keymint_transport.nxp.so 3538-3547
//odm/lib/libkeymaster_messages.so 3548-3557
//odm/lib/liblvacfs_wrapper.so 3558-3560
//odm/lib/libmemunreachable.so 3561-3588
//odm/lib/libocompression.so 3589-3592
//odm/lib/libofm.so 3593-3594
//odm/lib/libolc_vnd.so 3595-3596
//odm/lib/liboplus-uah-client.so 3597-3617
//odm/lib/liboplus_service.so 3618-3620
//odm/lib/liboplusdfx.so 3621-3625
//odm/lib/liboplusvibratoreffect.so 3626-3647
//odm/lib/libosenseaidlhalclient.so 3648-3651
//odm/lib/libosensenativeproxy_client.so 3652-3654
//odm/lib/liboutils.so 3655-3660
//odm/lib/libpwirisfeature.so 3661-3662
//odm/lib/libqsh.utils.so 3663-3670
//odm/lib/libsecurity_event_dcs.so 3671-3673
//odm/lib/libsfplugin_ccodec_utils.so 3674-3747
//odm/lib/libtfa98xx.so 3748-3794
//odm/lib/libuahcore.so 3795-3884
//odm/lib/vendor.aac.hardware.richtap.vibrator-V2-ndk.so 3885-3889
//odm/lib/vendor.dolby.dvs-V1-ndk.so 3890-3894
//odm/lib/vendor.nxp.nxpnfc_aidl-V1-ndk.so 3895-3898
//odm/lib/vendor.oplus.hardware.camera.aon-V1-ndk_platform.so 3899-3906
//odm/lib/vendor.oplus.hardware.camera_rfi-V1-ndk.so 3907-3910
//odm/lib/vendor.oplus.hardware.camera_rfi-V1-service-impl.so 3911-3912
//odm/lib/vendor.oplus.hardware.cammidasservice-V1-ndk.so 3913-3917
//odm/lib/vendor.oplus.hardware.charger-V6-ndk.so 3918-3928
//odm/lib/vendor.oplus.hardware.charger@1.0.so 3929-3953
//odm/lib/vendor.oplus.hardware.commondcs-V1-ndk.so 3954-3957
//odm/lib/vendor.oplus.hardware.cwb-V1-ndk.so 3958-3963
//odm/lib/vendor.oplus.hardware.cwb-V1-ndk_platform.so 3964-3969
//odm/lib/vendor.oplus.hardware.display.MixLut3D-V1-ndk_platform.so 3970-3973
//odm/lib/vendor.oplus.hardware.displaycolorfeature-V1-ndk.so 3974-3977
//odm/lib/vendor.oplus.hardware.displaypanelfeature-V1-ndk.so 3978-3981
//odm/lib/vendor.oplus.hardware.engineer-V1-ndk.so 3982-3987
//odm/lib/vendor.oplus.hardware.extcamera@1.0.so 3988-3997
//odm/lib/vendor.oplus.hardware.gameopt-V1-ndk.so 3998-4002
//odm/lib/vendor.oplus.hardware.handlefactory-V1-ndk.so 4003-4006
//odm/lib/vendor.oplus.hardware.misc-V1-ndk.so 4007-4010
//odm/lib/vendor.oplus.hardware.nfcExtns-V1-ndk.so 4011-4014
//odm/lib/vendor.oplus.hardware.nfc_aidl-V2-ndk.so 4015-4017
//odm/lib/vendor.oplus.hardware.olc2-V1-ndk.so 4018-4022
//odm/lib/vendor.oplus.hardware.olc2-V2-ndk.so 4023-4027
//odm/lib/vendor.oplus.hardware.oplusSensor-V1-ndk.so 4028-4031
//odm/lib/vendor.oplus.hardware.oplusvibrator-V1-ndk.so 4032-4037
//odm/lib/vendor.oplus.hardware.osense.client-V1-ndk.so 4038-4042
//odm/lib/vendor.oplus.hardware.performance-V1-ndk.so 4043-4057
//odm/lib/vendor.oplus.hardware.performance-V2-ndk.so 4058-4072
//odm/lib/vendor.oplus.hardware.performance-V3-ndk.so 4073-4087
//odm/lib/vendor.oplus.hardware.power.powermonitor-V1-ndk.so 4088-4091
//odm/lib/vendor.oplus.hardware.riskdetect-V1-ndk.so 4092-4094
//odm/lib/vendor.oplus.hardware.rpmh-V1-ndk.so 4095-4098
//odm/lib/vendor.oplus.hardware.sendextcamcmd-V1-service-impl.so 4099-4104
//odm/lib/vendor.oplus.hardware.sendextcamcmd-V2-ndk.so 4105-4108
//odm/lib/vendor.oplus.hardware.stability.oplus_project-V2-ndk.so 4109-4113
//odm/lib/vendor.oplus.hardware.touch-V1-ndk.so 4114-4117
//odm/lib/vendor.oplus.hardware.touch-V2-ndk.so 4118-4122
//odm/lib/vendor.oplus.hardware.transfer-V1-ndk.so 4123-4126
//odm/lib/vendor.oplus.hardware.transmessage-V1-ndk.so 4127-4130
//odm/lib/vendor.oplus.hardware.urcc-V1-ndk.so 4131-4142
//odm/lib/vendor.oplus.hardware.vibrator-V1-ndk.so 4143-4146
//odm/lib/vendor.oplus.hardware.weaver-V1-ndk.so 4147-4149
//odm/lib/vendor.pixelworks.hardware.display@1.0.so 4150-4160
//odm/lib/vendor.pixelworks.hardware.display@1.1.so 4161-4181
//odm/lib/vendor.pixelworks.hardware.display@1.2.so 4182-4197
//odm/lib/vendor.pixelworks.hardware.feature-V1-ndk.so 4198-4200
//odm/lib/vendor.pixelworks.hardware.feature@1.0.so 4201-4207
//odm/lib/vendor.pixelworks.hardware.feature@1.1.so 4208-4213
//odm/lib64/android.frameworks.cameraservice.common-V1-ndk.so 4214-4215
//odm/lib64/android.frameworks.cameraservice.common-V2-ndk.so 4216-4217
//odm/lib64/android.frameworks.cameraservice.device-V2-ndk.so 4218-4227
//odm/lib64/android.frameworks.cameraservice.service-V2-ndk.so 4228-4234
//odm/lib64/android.hardware.biometrics.common-V1-ndk.so 4235-4239
//odm/lib64/android.hardware.biometrics.common-V3-ndk.so 4240-4245
//odm/lib64/android.hardware.biometrics.common-V4-ndk.so 4246-4252
//odm/lib64/android.hardware.biometrics.face-V4-ndk.so 4253-4267
//odm/lib64/android.hardware.biometrics.fingerprint-V1-ndk.so 4268-4279
//odm/lib64/android.hardware.biometrics.fingerprint-V3-ndk.so 4280-4292
//odm/lib64/android.hardware.biometrics.fingerprint@2.1.so 4293-4311
//odm/lib64/android.hardware.biometrics.fingerprint@2.2.so 4312-4328
//odm/lib64/android.hardware.biometrics.fingerprint@2.3.so 4329-4339
//odm/lib64/android.hardware.ir-V1-ndk.so 4340-4344
//odm/lib64/android.hardware.keymaster-V4-ndk.so 4345-4346
//odm/lib64/android.hardware.nfc-V1-ndk.so 4347-4354
//odm/lib64/android.hardware.nfc@1.0.so 4355-4369
//odm/lib64/android.hardware.nfc@1.1.so 4370-4386
//odm/lib64/android.hardware.nfc@1.2.so 4387-4397
//odm/lib64/android.hardware.power.stats-V2-ndk.so 4398-4405
//odm/lib64/android.hardware.secure_element-V1-ndk.so 4406-4413
//odm/lib64/android.hardware.secure_element@1.0.so 4414-4430
//odm/lib64/android.hardware.secure_element@1.1.so 4431-4445
//odm/lib64/android.hardware.secure_element@1.2.so 4446-4455
//odm/lib64/android.hardware.security.keymint-V3-ndk.so 4456-4468
//odm/lib64/android.hardware.security.rkp-V3-ndk.so 4469-4475
//odm/lib64/android.hardware.security.sharedsecret-V1-ndk.so 4476-4481
//odm/lib64/android.hardware.vibrator-V2-ndk.so 4482-4493
//odm/lib64/android.hardware.weaver-V2-ndk.so 4494-4499
//odm/lib64/android.se.omapi-V1-ndk.so 4500-4509
//odm/lib64/com.oplus.mcx.linearmapper.so 4510-4535
//odm/lib64/ese_weaver.nxp.so 4536-4542
//odm/lib64/jcos_nq_client.so 4543-4547
//odm/lib64/lib-virtual-modem-protos.so 4548-4622
//odm/lib64/lib2DSlender.so 4623-4802
//odm/lib64/libAECParamParser.so 4803-4813
//odm/lib64/libAF.so 4814-4922
//odm/lib64/libAFParamParser.so 4923-4937
//odm/lib64/libAlgoInterface.so 4938-6382
//odm/lib64/libAlgoProcess.so 6383-6971
//odm/lib64/libAncFilter.so 6972
//odm/lib64/libAncHumanSegFigureFusion.so 6973-11908
//odm/lib64/libAncSegBaseSdk.so 11909-12441
//odm/lib64/libAncSegmentSdk.so 12442-17288
//odm/lib64/libAutoFocusCrop.so 17289-17683
//odm/lib64/libBasicTonePhoto.so 17684-17736
//odm/lib64/libBokehPre.so 17737-17780
//odm/lib64/libCNamaSDK_vendor.so 17781-19652
//odm/lib64/libCS.so 19653-19835
//odm/lib64/libCaptureBokeh.so 19836-19987
//odm/lib64/libColorMark.so 19988-20002
//odm/lib64/libEIS.so 20003-20068
//odm/lib64/libEISLive.so 20069-20224
//odm/lib64/libFDClite.so 20225-21611
//odm/lib64/libFaceBeautyCap.so 21612-22005
//odm/lib64/libFaceBeautyJni.so 22006-22071
//odm/lib64/libFaceBeautyPre.so 22072-23690
//odm/lib64/libFaceDistortionCorrection.so 23691-25785
//odm/lib64/libGaiaClient_vnd.so 25786-25788
//odm/lib64/libHDRDetection.so 25789-25811
//odm/lib64/libHIS.so 25812-25976
//odm/lib64/libImageWarpMask.so 25977-26062
//odm/lib64/libImplicitWatermark.so 26063-26404
//odm/lib64/libNamaWrapper.so 26405-26509
//odm/lib64/libODNN.so 26510-26665
//odm/lib64/libOPAlgoCamAIBeautyBodyDetection.so 26666-26813
//odm/lib64/libOPAlgoCamAiBeautyFaceRetouchCn.so 26814-26980
//odm/lib64/libOPAlgoCamAiUnifySkin.so 26981-27379
//odm/lib64/libOPAlgoCamFaceBeautyCap.so 27380-28061
//odm/lib64/libOPAlgoCamFaceRestore.so 28062-28404
//odm/lib64/libOPAlgoCamGroupClassifier.so 28405-28972
//odm/lib64/libOPAlgoCamHybridRaw.so 28973-29693
//odm/lib64/libOPAlgoCamSinglePortrait.so 29694-29984
//odm/lib64/libOPLUSMotionDetection.so 29985-30223
//odm/lib64/libOplusPDCore.so 30224-30282
//odm/lib64/libOplusSecurity.so 30283-30284
//odm/lib64/libOpo_awb.so 30285-30388
//odm/lib64/libPDParamParser.so 30389-30397
//odm/lib64/libPanelChaplin.so 30398-30435
//odm/lib64/libQnnCpu.so 30436-31074
//odm/lib64/libQnnGpu.so 31075-31652
//odm/lib64/libQnnHtp.so 31653-31871
//odm/lib64/libQnnHtpPrepare.so 31872-34896
//odm/lib64/libQnnHtpV79CalculatorStub.so 34897 34898
//odm/lib64/libQnnHtpV79Stub.so 34899-34946
//odm/lib64/libQnnSaver.so 34947-35036
//odm/lib64/libQnnSystem.so 35037-35065
//odm/lib64/libRedeyeReduce.so 35066-35092
//odm/lib64/libSchedAssistExtImpl_vendor.so 35093-35097
//odm/lib64/libStarMode.so 35098-35213
//odm/lib64/libSuperRaw.so 35214-35275
//odm/lib64/libUpScale.so 35276-35435
//odm/lib64/libWaterMark.so 35436-35478
//odm/lib64/lib_android_keymaster_keymint_utils.so 35479-35481
//odm/lib64/lib_cryptoeng_api.so 35482-35483
//odm/lib64/lib_geofencing.so 35484-35499
//odm/lib64/lib_lvacfs.so 35500-35732
//odm/lib64/lib_rectify.so 35733-35759
//odm/lib64/libaacvibrator.so 35760-35780
//odm/lib64/libaecCustom.so 35781-35878
//odm/lib64/libaiboost_qnn_external_delegate_te.so 35879-36020
//odm/lib64/libaiboost_qnn_sr.so 36021-37200
//odm/lib64/libaiboost_sr.so 37201-37227
//odm/lib64/libaiboost_sydet.so 37228-38296
//odm/lib64/libaiboost_te.so 38297-39456
//odm/lib64/libaiboost_ubwc.so 39457-39458
//odm/lib64/libaisal.so 39459-39558
//odm/lib64/libaisd.so 39559-39917
//odm/lib64/libaisd_fullfov.so 39918-40275
//odm/lib64/libaiseg.so 40276-40398
//odm/lib64/libalCFR.so 40399-40421
//odm/lib64/libancbase_rt_fusion.so 40422-43819
//odm/lib64/libapsexif.so 43820-43833
//odm/lib64/libapsjpeg.so 43834-43877
//odm/lib64/libapspng.so 43878-43911
//odm/lib64/libapsultrahdr.so 43912-43956
//odm/lib64/libapsyuv.so 43957-44003
//odm/lib64/libarc.ion.so 44004-44006
//odm/lib64/libarcsoft_ai_moon.so 44007-50198
//odm/lib64/libarcsoft_distortion_correction.so 50199-51198
//odm/lib64/libarcsoft_dualcam_bokeh_api.so 51199-51232
//odm/lib64/libarcsoft_dualcam_bokeh_image.so 51233-63997
//odm/lib64/libarcsoft_dualcam_bokeh_preview.so 63998-67682
//odm/lib64/libarcsoft_hdr_couple_api.so 67683-67705
//odm/lib64/libarcsoft_high_dynamic_range_couple.so 67706-68351
//odm/lib64/libarcsoft_long_exposure_capture.so 68352-70778
//odm/lib64/libarcsoft_long_exposure_preview.so 70779-70846
//odm/lib64/libarcsoft_preview_antibanding.so 70847-70889
//odm/lib64/libarcsoft_qnnhtp.so 70890-70899
//odm/lib64/libarcsoft_scbokeh_video.so 70900
//odm/lib64/libarcsoft_smart_denoise.so 70901-70916
//odm/lib64/libarcsoft_tfm.so 70917-90652
//odm/lib64/libarcsoft_turbo_fusion_raw_portrait_super_night.so 90653-102098
//odm/lib64/libarcsoft_turbo_fusion_raw_super_night.so 102099-117161
//odm/lib64/libarcsoft_turbo_fusion_video_supernight.so 117162-117521
//odm/lib64/libarcsoft_turbo_hdr_grf.so 117522-117571
//odm/lib64/libarcsoft_turbo_hdr_raw.so 117572-136783
//odm/lib64/libarcsoft_turbo_hdr_raw_front.so 136784-160729
//odm/lib64/libarcsoft_turbo_raw.so 160730-160758
//odm/lib64/libarcsoft_videoautozoom.so 160759-161738
//odm/lib64/libaudiobinauralrecord.so 161739-161752
//odm/lib64/libbinaural_record_session_aidl.so 161753-161766
//odm/lib64/libc++_shared.so 161767-161927
//odm/lib64/libc2filterplugin.so 161928-161996
//odm/lib64/libcam.oplus.3a.v2.so 161997-162046
//odm/lib64/libcam.oplus.3a.v3.so 162047-162215
//odm/lib64/libcamera2ndk_vendor.so 162216-162257
//odm/lib64/libchrome.so 162258-162402
//odm/lib64/libcommcenterfw.so 162403-162409
//odm/lib64/libcommcenterutils.so 162410
//odm/lib64/libcppbor.so 162411-162419
//odm/lib64/libcppbor_external.so 162420-162428
//odm/lib64/libcppcose_rkp.so 162429-162438
//odm/lib64/libcreatebin.so 162439-162478
//odm/lib64/libcreatebinForBaseretouch.so 162479-162501
//odm/lib64/libcreatebinForFaceretouch.so 162502-162524
//odm/lib64/libcvface_api.so 162525-174388
//odm/lib64/libdisplayaidlapis.so 174389-174390
//odm/lib64/libdisplayfossfeature_nature.so 174391-174393
//odm/lib64/libdisplaysharpness.so 174394-174406
//odm/lib64/libdmtp-protos-lite.so 174407-174410
//odm/lib64/libdmtp.so 174411-174424
//odm/lib64/libdmtpclient.so 174425-174437
//odm/lib64/libdolbyclstc.so 174438-174542
//odm/lib64/libdolbydecoderprocessor.so 174543-174561
//odm/lib64/libdolbyeglcore.so 174562-174568
//odm/lib64/libdolbyottcameracontrol.so 174569-174831
//odm/lib64/libdpaservice.so 174832-174835
//odm/lib64/libeffect_custom.so 174836-175098
//odm/lib64/libesesbprovision.so 175099-175103
//odm/lib64/libevent.so 175104-175145
//odm/lib64/libexif-jpeg-aps.so 175146-175168
//odm/lib64/libextendfile.so 175169-175263
//odm/lib64/libextensionlayer.so 175264-175512
//odm/lib64/libfido2_factory.so 175513-175514
//odm/lib64/libfido_factory.so 175515-175516
//odm/lib64/libfovctrl.so 175517-175566
//odm/lib64/libfuai_vendor.so 175567-176388
//odm/lib64/libfusioninterpolation.arcsoft.so 176389-180165
//odm/lib64/libhwconfigurationutil.so 180166-180175
//odm/lib64/libhybridraw_tuningparams.so 180176-180200
//odm/lib64/libifaa_factory.so 180201-180202
//odm/lib64/libimgClarityEvaluate.so 180203-180300
//odm/lib64/libimsortcapis.so 180301-180306
//odm/lib64/libjc_keymint3.nxp.so 180307-180351
//odm/lib64/libjc_keymint_transport.nxp.so 180352-180363
//odm/lib64/libkeymaster_messages.so 180364-180375
//odm/lib64/libkeymaster_portable.so 180376-180443
//odm/lib64/liblvacfs_wrapper.so 180444-180446
//odm/lib64/libmemunreachable.so 180447-180478
//odm/lib64/libmindroid-app.so 180479-180480
//odm/lib64/libmindroid-framework.so 180481-180639
//odm/lib64/libmpbase.so 180640
//odm/lib64/libmsnativefilter.so 180641-181955
//odm/lib64/libmvgcommon.so 181956-182423
//odm/lib64/libmvgfusion.so 182424-182607
//odm/lib64/libocce3a.so 182608-182614
//odm/lib64/libocompression.so 182615-182618
//odm/lib64/liboemcrypto.so 182619-182645
//odm/lib64/libofm.so 182646-182647
//odm/lib64/libolc_vnd.so 182648-182650
//odm/lib64/liboplus-uah-client.so 182651-182673
//odm/lib64/liboplus_audiox.so 182674-183105
//odm/lib64/liboplus_service.so 183106-183108
//odm/lib64/liboplusdfx.so 183109-183113
//odm/lib64/libopluspdparam.so 183114
//odm/lib64/liboplusvibratoreffect.so 183115-183138
//odm/lib64/libortc_so.so 183139-183999
//odm/lib64/libosenseaidlhalclient.so 184000-184004
//odm/lib64/libosensenativeproxy_client.so 184005-184007
//odm/lib64/libosie_process.so 184008-184035
//odm/lib64/libosie_stub.so 184036-184038
//odm/lib64/liboutils.so 184039-184044
//odm/lib64/libpngwrapper.so 184045
//odm/lib64/libpnscr2_aidl.so 184046-184072
//odm/lib64/libportrait_repair_qnn.so 184073-185996
//odm/lib64/libpwirisfeature.so 185997-185999
//odm/lib64/libqcodec2_dolbydecoderfilter.so 186000-186036
//odm/lib64/libqsee_keybox_ca.so 186037-186046
//odm/lib64/libqsh.utils.so 186047-186054
//odm/lib64/libqti-radio-service.so 186055-186164
//odm/lib64/libqti-subsys-service.so 186165-186176
//odm/lib64/libradio-service.so 186177-186298
//odm/lib64/libradioapis.so 186299-186343
//odm/lib64/librfapis.so 186344-186361
//odm/lib64/librkp_factory_extraction_tool.so 186362-186550
//odm/lib64/librpmbengclient.so 186551
//odm/lib64/libsat.so 186552-186639
//odm/lib64/libsaveshaderbin.so 186640-186685
//odm/lib64/libsdk_sr.so 186686-203417
//odm/lib64/libsdk_sr_ref.so 203418-205988
//odm/lib64/libsecurity_event_dcs.so 205989-205992
//odm/lib64/libsecurity_event_dcs_vnd.so 205993-205996
//odm/lib64/libsegmentPrePostProc.so 205997-206021
//odm/lib64/libsfplugin_ccodec_utils.so 206022-206100
//odm/lib64/libsharebuffer.so 206101-206102
//odm/lib64/libsharebuffer_impl.so 206103-206104
//odm/lib64/libsivibrator.so 206105-206129
//odm/lib64/libsoft_attestation_cert.so 206130-206131
//odm/lib64/libssd_det.so 206132-207349
//odm/lib64/libstface_fd_api.so 207350-214923
//odm/lib64/libstfaceunlockocl_uff.so 214924-220642
//odm/lib64/libstfd_mobile_api.so 220643-223800
//odm/lib64/libsubsys-service.so 223801-223816
//odm/lib64/libsubsys-utils.so 223817-223819
//odm/lib64/libtcs3449.so 223820-223857
//odm/lib64/libtensorflowlite_oplus.so 223858-224210
//odm/lib64/libtfa98xx.so 224211-224262
//odm/lib64/libtrace.so 224263-224265
//odm/lib64/libuahcore.so 224266-224363
//odm/lib64/libui.so 224364-224409
//odm/lib64/liburcccore.so 224410-224485
//odm/lib64/libvega_common.so 224486-228812
//odm/lib64/libvega_face.so 228813-232314
//odm/lib64/libwatermark_photo.so 232315-232406
//odm/lib64/libwrapper_te.so 232407-232748
//odm/lib64/libyuvwrapper.so 232749
//odm/lib64/libzlib.so 232750-232765
//odm/lib64/ls_nq_client.so 232766-232772
//odm/lib64/nfc_nci.nqx.default.hw.so 232773-232825
//odm/lib64/se_nq_extn_client.so 232826-232832
//odm/lib64/sr_models.bin 232833-239127
//odm/lib64/sr_ref_models.bin 239128-239289
//odm/lib64/vendor.aac.hardware.richtap.vibrator-V2-ndk.so 239290-239296
//odm/lib64/vendor.dolby.dvs-V1-ndk.so 239297-239302
//odm/lib64/vendor.nxp.hardware.nfc@1.0.so 239303-239311
//odm/lib64/vendor.nxp.hardware.nfc@1.1.so 239312-239322
//odm/lib64/vendor.nxp.hardware.nfc@2.0.so 239323-239334
//odm/lib64/vendor.nxp.nxpnfc_aidl-V1-ndk.so 239335-239339
//odm/lib64/vendor.oplus.hardware.appradio@1.0.so 239340-239357
//odm/lib64/vendor.oplus.hardware.binaural_record-V1-ndk.so 239358-239374
//odm/lib64/vendor.oplus.hardware.biometrics.fingerprint@2.1.so 239375-239388
//odm/lib64/vendor.oplus.hardware.biometrics.fingerprintpay-V1-ndk.so 239389-239393
//odm/lib64/vendor.oplus.hardware.camera.aon-V1-ndk_platform.so 239394-239401
//odm/lib64/vendor.oplus.hardware.camera.aon-service-impl.so 239402-239410
//odm/lib64/vendor.oplus.hardware.camera_rfi-V1-ndk.so 239411-239415
//odm/lib64/vendor.oplus.hardware.camera_rfi-V1-service-impl.so 239416-239418
//odm/lib64/vendor.oplus.hardware.cammidasservice-V1-ndk.so 239419-239424
//odm/lib64/vendor.oplus.hardware.charger-V6-ndk.so 239425-239436
//odm/lib64/vendor.oplus.hardware.charger@1.0.so 239437-239462
//odm/lib64/vendor.oplus.hardware.commondcs-V1-ndk.so 239463-239467
//odm/lib64/vendor.oplus.hardware.communicationcenter-V1-ndk.so 239468-239478
//odm/lib64/vendor.oplus.hardware.communicationcenter-V2-ndk.so 239479-239490
//odm/lib64/vendor.oplus.hardware.cryptoeng-V1-ndk.so 239491-239494
//odm/lib64/vendor.oplus.hardware.cryptoeng@1.0.so 239495-239501
//odm/lib64/vendor.oplus.hardware.cwb-V1-ndk.so 239502-239508
//odm/lib64/vendor.oplus.hardware.cwb-V1-ndk_platform.so 239509-239515
//odm/lib64/vendor.oplus.hardware.display.MixLut3D-V1-ndk_platform.so 239516-239520
//odm/lib64/vendor.oplus.hardware.displaycolorfeature-V1-ndk.so 239521-239524
//odm/lib64/vendor.oplus.hardware.displaypanelfeature-V1-ndk.so 239525-239529
//odm/lib64/vendor.oplus.hardware.eid-V1-ndk.so 239530-239535
//odm/lib64/vendor.oplus.hardware.engineer-V1-ndk.so 239536-239543
//odm/lib64/vendor.oplus.hardware.extcamera@1.0.so 239544-239554
//odm/lib64/vendor.oplus.hardware.fido.fido2ca-V1-ndk.so 239555-239559
//odm/lib64/vendor.oplus.hardware.fido.fidoca-V1-ndk.so 239560-239564
//odm/lib64/vendor.oplus.hardware.gameopt-V1-ndk.so 239565-239570
//odm/lib64/vendor.oplus.hardware.handlefactory-V1-ndk.so 239571-239575
//odm/lib64/vendor.oplus.hardware.ims@1.0.so 239576-239589
//odm/lib64/vendor.oplus.hardware.keymint-V1-ndk.so 239590-239593
//odm/lib64/vendor.oplus.hardware.location_aidl-V1-ndk.so 239594-239602
//odm/lib64/vendor.oplus.hardware.misc-V1-ndk.so 239603-239607
//odm/lib64/vendor.oplus.hardware.nfcExtns-V1-ndk.so 239608-239612
//odm/lib64/vendor.oplus.hardware.nfc_aidl-V2-ndk.so 239613-239616
//odm/lib64/vendor.oplus.hardware.olc2-V1-ndk.so 239617-239622
//odm/lib64/vendor.oplus.hardware.olc2-V2-ndk.so 239623-239629
//odm/lib64/vendor.oplus.hardware.oplusSensor-V1-ndk.so 239630-239634
//odm/lib64/vendor.oplus.hardware.oplusvibrator-V1-ndk.so 239635-239641
//odm/lib64/vendor.oplus.hardware.osense.client-V1-ndk.so 239642-239647
//odm/lib64/vendor.oplus.hardware.performance-V1-ndk.so 239648-239663
//odm/lib64/vendor.oplus.hardware.performance-V2-ndk.so 239664-239680
//odm/lib64/vendor.oplus.hardware.performance-V3-ndk.so 239681-239697
//odm/lib64/vendor.oplus.hardware.power.powermonitor-V1-ndk.so 239698-239702
//odm/lib64/vendor.oplus.hardware.radio@1.0.so 239703-239748
//odm/lib64/vendor.oplus.hardware.riskdetect-V1-ndk.so 239749-239752
//odm/lib64/vendor.oplus.hardware.rpmh-V1-ndk.so 239753-239757
//odm/lib64/vendor.oplus.hardware.sendextcamcmd-V1-service-impl.so 239758-239764
//odm/lib64/vendor.oplus.hardware.sendextcamcmd-V2-ndk.so 239765-239769
//odm/lib64/vendor.oplus.hardware.stability.oplus_project-V2-ndk.so 239770-239776
//odm/lib64/vendor.oplus.hardware.subsys-V3-ndk.so 239777-239786
//odm/lib64/vendor.oplus.hardware.subsys_radio-V4-ndk.so 239787-239846
//odm/lib64/vendor.oplus.hardware.touch-V1-ndk.so 239847-239851
//odm/lib64/vendor.oplus.hardware.touch-V2-ndk.so 239852-239858
//odm/lib64/vendor.oplus.hardware.transfer-V1-ndk.so 239859-239863
//odm/lib64/vendor.oplus.hardware.transmessage-V1-ndk.so 239864-239868
//odm/lib64/vendor.oplus.hardware.urcc-V1-ndk.so 239869-239881
//odm/lib64/vendor.oplus.hardware.vibrator-V1-ndk.so 239882-239886
//odm/lib64/vendor.oplus.hardware.virtual_device.audio-V1-ndk.so 239887-239891
//odm/lib64/vendor.oplus.hardware.virtual_device.audio-impl.so 239892-239895
//odm/lib64/vendor.oplus.hardware.weaver-V1-ndk.so 239896-239899
//odm/lib64/vendor.pixelworks.hardware.display@1.0.so 239900-239912
//odm/lib64/vendor.pixelworks.hardware.display@1.1.so 239913-239935
//odm/lib64/vendor.pixelworks.hardware.display@1.2.so 239936-239952
//odm/lib64/vendor.pixelworks.hardware.feature-V1-ndk.so 239953-239956
//odm/lib64/vendor.pixelworks.hardware.feature@1.0.so 239957-239963
//odm/lib64/vendor.pixelworks.hardware.feature@1.1.so 239964-239970
//odm/bin/hw/HbpCtrlClient 239971-239973
//odm/bin/hw/android.hardware.ir-service 239974-239976
//odm/bin/hw/android.hardware.nfc-service.nxp 239977-239981
//odm/bin/hw/android.hardware.power.stats-impl.oplus 239982-239999
//odm/bin/hw/android.hardware.secure_element-service.qti 240000-240006
//odm/bin/hw/android.hardware.security.keymint-service.strongbox-nxp 240007-240010
//odm/bin/hw/android.hardware.weaver-service.nxp 240011-240014
//odm/bin/hw/dvs-aidl-service 240015-240023
//odm/bin/hw/kpoc_log 240024-240026
//odm/bin/hw/mdm_feature 240027-240030
//odm/bin/hw/subsys_daemon 240031-240053
//odm/bin/hw/ufcsd 240054
//odm/bin/hw/vendor-oplus-hardware-engineer-V1-service 240055-240076
//odm/bin/hw/vendor-oplus-hardware-misc-V1-service 240077-240080
//odm/bin/hw/vendor-oplus-hardware-oplusSensor-V1-service 240081-240109
//odm/bin/hw/vendor-oplus-hardware-performance-V1-service 240110-240135
//odm/bin/hw/vendor-oplus-hardware-power-powermonitor-V1-service 240136-240139
//odm/bin/hw/vendor-oplus-hardware-touch-V2-service 240140-240193
//odm/bin/hw/vendor-oplus-hardware-transfer@1.0-service 240194-240197
//odm/bin/hw/vendor-oplus-hardware-transmessage-V1-service 240198-240202
//odm/bin/hw/vendor.oplus.hardware.biometrics.face@1.0-service_uff 240203-240248
//odm/bin/hw/vendor.oplus.hardware.biometrics.fingerprint@2.1-service_uff 240249-240323
//odm/bin/hw/vendor.oplus.hardware.biometrics.fingerprintpay@1.0-service 240324-240327
//odm/bin/hw/vendor.oplus.hardware.cammidasservice-V1-service 240328-240332
//odm/bin/hw/vendor.oplus.hardware.charger-V6-service 240333-240395
//odm/bin/hw/vendor.oplus.hardware.cryptoeng@1.0-service 240396-240411
//odm/bin/hw/vendor.oplus.hardware.displaypanelfeature-service 240412-240426
//odm/bin/hw/vendor.oplus.hardware.eid@1.0-service 240427-240431
//odm/bin/hw/vendor.oplus.hardware.fido.fido2ca@1.0-service 240432-240435
//odm/bin/hw/vendor.oplus.hardware.fido.fidoca@1.0-service 240436-240438
//odm/bin/hw/vendor.oplus.hardware.gameopt-service 240439-240648
//odm/bin/hw/vendor.oplus.hardware.location_aidl-service 240649-240658
//odm/bin/hw/vendor.oplus.hardware.nfcExtns-service 240659-240670
//odm/bin/hw/vendor.oplus.hardware.nfc_aidl-service 240671-240679
//odm/bin/hw/vendor.oplus.hardware.olc2-V2-service 240680-240683
//odm/bin/hw/vendor.oplus.hardware.qrtr-lookup 240684-240685
//odm/bin/hw/vendor.oplus.hardware.riskdetect-V1-service 240686-240689
//odm/bin/hw/vendor.oplus.hardware.rpmh-V1-service 240690-240696
//odm/bin/hw/vendor.oplus.hardware.stability.oplus_project-V1-service 240697-240703
//odm/bin/hw/vendor.oplus.hardware.urcc-service 240704-240707
//odm/bin/hw/vendor.oplus.hardware.vibrator-service 240708-240716
//odm/bin/hw/vendor.oplus.hardware.wifi-aidl-service 240717-240803
//odm/bin/hw/wlschgd 240804-240805
//odm/etc/PanelChaplin/3D-Lut_Center_P3.txt 240806-240821
//odm/etc/PanelChaplin/3D-Lut_Center_sRGB.txt 240822-240838
//odm/etc/PanelChaplin/3D-Lut_Enhance_P3.txt 240839-240853
//odm/etc/PanelChaplin/3D-Lut_Enhance_sRGB.txt 240854-240867
//odm/etc/PanelChaplin/3D-Lut_Stand_P3.txt 240868-240882
//odm/etc/PanelChaplin/3D-Lut_Stand_sRGB.txt 240883-240899
//odm/etc/PanelChaplin/3D-Lut_StandardMode_P3.txt 240900-240914
//odm/etc/PanelChaplin/3D-Lut_StandardMode_sRGB.txt 240915-240931
//odm/etc/PanelChaplin/AB849_P_1_A0022_dsc_cmd_mode_panel_HS 240932
//odm/etc/PanelChaplin/Lut3D_311 240933-240946
//odm/etc/PanelChaplin/Lut3D_312 240947-240960
//odm/etc/PanelChaplin/P_3_AB849_dsc_cmd_mode_panel_HS 240961
//odm/etc/PanelChaplin/P_3_AE035_dsc_cmd_mode_panel_HS 240962
//odm/etc/PanelChaplin/panelchaplin 240963
//odm/etc/acdbdata/acdb_cal.acdb 240964-241088
//odm/etc/audio/audio_module_config_primary.xml 241089-241090
//odm/etc/audio/audio_policy_configuration.xml 241091-241092
//odm/etc/audio/audio_policy_volumes.xml 241093
//odm/etc/audio/default_volume_tables.xml 241094
//odm/etc/camera/AIAEVideoModel.bin 241095-241573
//odm/etc/camera/CameraHWConfiguration.config 241574-241583
//odm/etc/camera/M_FaceAttribute_RGB.model 241584-241585
//odm/etc/camera/Vega_Align_occlusion.model 241586-241756
//odm/etc/camera/Vega_Attribute_Face_RGB.model 241757-241961
//odm/etc/camera/Vega_Detect_AnimalBodyFaceEye_Gray.model 241962-242376
//odm/etc/camera/Vega_Detect_CommonFace_BGR.model 242377-242462
//odm/etc/camera/Vega_Detect_CommonFace_BGR_PZ.model 242463-242795
//odm/etc/camera/Vega_Front_Align_occlusion.model 242796-242966
//odm/etc/camera/Vega_Refine_RectQuality_AnimalBodyFaceEye.model 242967-243089
//odm/etc/camera/Vega_Track_AnimalsBodyFaceEye_Gray.model 243090-243166
//odm/etc/camera/Vega_Track_FaceRect20cls.model 243167-243290
//odm/etc/camera/anc_cl_kernel.cache 243291-243312
//odm/etc/camera/anc_cl_kernel_ins.cache 243313-243363
//odm/etc/camera/camera_engmode.xml 243364
//odm/etc/camera/conf_tuning_params.json 243365
//odm/etc/camera/eis_camera.vcfg 243366-243445
//odm/etc/camera/facesr_ff_v4.3.20_qcom8750_rQsQ_normal@nb_quant_qnn2.25.5_20241106.model 243446-246745
//odm/etc/camera/fb_default 246746
//odm/etc/camera/fdc_cl.cache 246747-246750
//odm/etc/camera/fdc_lite_cl.cache 246751-246754
//odm/etc/camera/fwk_config.json 246755-246756
//odm/etc/camera/gasryuv_1.2_wp.model 246757-246758
//odm/etc/camera/main_inv_mapxy_33x25.bin 246759
//odm/etc/camera/main_mapxy_33x25.bin 246760
//odm/etc/camera/media_profiles.xml 246761-246762
//odm/etc/camera/model_fdc.data 246763-250900
//odm/etc/camera/neon_yuv_LUT_64.bin 250901-251057
//odm/etc/camera/oplus_eis_camera.vcfg 251058-251216
//odm/etc/camera/qnn_binary_9052758122668408981.bin 251217-251322
//odm/etc/camera/salient2_seg.bin 251323-251417
//odm/etc/camera/selfbokehmodel.bin 251418-256421
//odm/etc/camera/settings_fdc.txt 256422
//odm/etc/camera/settings_fdc_lite.txt 256423
//odm/etc/camera/tele_inv_mapxy_33x25.bin 256424
//odm/etc/camera/tele_mapxy_33x25.bin 256425
//odm/etc/camera/text_enhance_yuv_v1.tflite 256426-256473
//odm/etc/camera/wide_inv_padding_mapxy_33x25.bin 256474
//odm/etc/camera/wide_padding_mapxy_33x25.bin 256475
//odm/etc/devices_config/devices_config.json 256476
//odm/etc/display/qdcm_calib_data_AB849_P_1_A0022_dsc_cmd_mode_panel.json 256477-256559
//odm/etc/display/qdcm_calib_data_P_3_AB849_dsc_cmd_mode_panel.json 256560-256642
//odm/etc/display/qdcm_calib_data_P_3_AE035_dsc_cmd_mode_panel.json 256643-256737
//odm/etc/init/init.network.rc 256738
//odm/etc/init/init.oppo.reserve.rc 256739
//odm/etc/init/init.vendor.oplus.connectivity.rc 256740
//odm/etc/init/vendor.oplus.hardware.charger-V6-service.rc 256741
//odm/etc/init/vendor.oplus.hardware.urcc-service.rc 256742
//odm/etc/init/vendor_engineermode.rc 256743
//odm/etc/media_sun/video_system_specs.json 256744
//odm/etc/nfc/SEC_THN31_FW_VTP.txt.bin_thn31_fw_D1_18 256745-256840
//odm/etc/nfc/SEC_THN31_FW_VTP.txt.bin_thn31_fw_D1_1A_02 256841-256939
//odm/etc/nfc/SEC_THN31_FW_VTP.txt.bin_thn31f_fw_D2_12_2B 256940-257034
//odm/etc/nfc/SEC_THN31_FW_VTP.txt.bin_thn31f_fw_D2_12_2C 257035-257132
//odm/etc/nfc/SEC_THN31_FW_VTP.txt.bin_thn31f_fw_D2_12_2E 257133-257232
//odm/etc/nfc/libnfc-mtp-SN220.conf_23821 257233-257236
//odm/etc/nfc/libnfc-mtp-SN220.conf_23893 257237-257240
//odm/etc/nfc/libnfc-mtp-SN220.conf_24001 257241-257244
//odm/etc/nfc/libnfc-mtp-SN220.conf_24018 257245-257248
//odm/etc/nfc/libnfc-mtp-SN220.conf_24019 257249-257252
//odm/etc/nfc/libnfc-mtp-SN220.conf_24201 257253-257256
//odm/etc/nfc/libnfc-mtp-SN220.conf_24600 257257-257260
//odm/etc/nfc/libnfc-mtp-SN220.conf_24620 257261-257264
//odm/etc/nfc/libnfc-mtp-SN220.conf_24671 257265-257268
//odm/etc/nfc/libnfc-mtp-SN220.conf_24811 257269-257272
//odm/etc/nfc/libnfc-nci.conf_23821 257273
//odm/etc/nfc/libnfc-nci.conf_23893 257274
//odm/etc/nfc/libnfc-nci.conf_24001 257275
//odm/etc/nfc/libnfc-nci.conf_24018 257276
//odm/etc/nfc/libnfc-nci.conf_24019 257277
//odm/etc/nfc/libnfc-nci.conf_24201 257278
//odm/etc/nfc/libnfc-nci.conf_24600 257279
//odm/etc/nfc/libnfc-nci.conf_24620 257280
//odm/etc/nfc/libnfc-nci.conf_24671 257281
//odm/etc/nfc/libnfc-nci.conf_24811 257282
//odm/etc/nfc/libnfc-nxpTransit.conf_24620 257283
//odm/etc/nfc/libnfc_SuperCard_config.conf_23821 257284
//odm/etc/nfc/libnfc_SuperCard_config.conf_24811 257285
//odm/etc/nfc/libnfc_accesscard_config.conf_23821 257286
//odm/etc/nfc/libnfc_accesscard_config.conf_24001 257287
//odm/etc/nfc/libnfc_accesscard_config.conf_24018 257288
//odm/etc/nfc/libnfc_accesscard_config.conf_24019 257289
//odm/etc/nfc/libnfc_accesscard_config.conf_24600 257290
//odm/etc/nfc/libnfc_accesscard_config.conf_24620 257291
//odm/etc/nfc/libnfc_accesscard_config.conf_24671 257292
//odm/etc/nfc/libnfc_accesscard_config.conf_24811 257293
//odm/etc/nfc/libnfc_accesscard_index0_config.conf_23821 257294
//odm/etc/nfc/libnfc_accesscard_index0_config.conf_24001 257295
//odm/etc/nfc/libnfc_accesscard_index0_config.conf_24600 257296
//odm/etc/nfc/libnfc_accesscard_index0_config.conf_24620 257297
//odm/etc/nfc/libnfc_accesscard_index0_config.conf_24671 257298
//odm/etc/nfc/libnfc_accesscard_index0_config.conf_24811 257299
//odm/etc/nfc/libnfc_accesscard_index1_config.conf_23821 257300
//odm/etc/nfc/libnfc_accesscard_index1_config.conf_24001 257301
//odm/etc/nfc/libnfc_accesscard_index1_config.conf_24600 257302
//odm/etc/nfc/libnfc_accesscard_index1_config.conf_24620 257303
//odm/etc/nfc/libnfc_accesscard_index1_config.conf_24671 257304
//odm/etc/nfc/libnfc_accesscard_index1_config.conf_24811 257305
//odm/etc/nfc/libnfc_accesscard_index2_config.conf_23821 257306
//odm/etc/nfc/libnfc_accesscard_index2_config.conf_24001 257307
//odm/etc/nfc/libnfc_accesscard_index2_config.conf_24600 257308
//odm/etc/nfc/libnfc_accesscard_index2_config.conf_24620 257309
//odm/etc/nfc/libnfc_accesscard_index2_config.conf_24671 257310
//odm/etc/nfc/libnfc_accesscard_index2_config.conf_24811 257311
//odm/etc/nfc/libnfc_accesscard_index3_config.conf_24600 257312
//odm/etc/nfc/libnfc_accesscard_index3_config.conf_24620 257313
//odm/etc/nfc/libnfc_accesscard_index3_config.conf_24671 257314
//odm/etc/nfc/libnfc_car_config.conf_23821 257315
//odm/etc/nfc/libnfc_car_config.conf_24001 257316
//odm/etc/nfc/libnfc_car_config.conf_24811 257317
//odm/etc/nfc/libnfc_changsha_config.conf_23821 257318
//odm/etc/nfc/libnfc_changsha_config.conf_24600 257319
//odm/etc/nfc/libnfc_changsha_config.conf_24620 257320
//odm/etc/nfc/libnfc_dalian_config.conf_23821 257321
//odm/etc/nfc/libnfc_default_config.conf_23821 257322
//odm/etc/nfc/libnfc_default_config.conf_24600 257323
//odm/etc/nfc/libnfc_default_config.conf_24620 257324
//odm/etc/nfc/libnfc_default_config.conf_24811 257325
//odm/etc/nfc/libnfc_haerbin_SuperCard_config.conf_23821 257326
//odm/etc/nfc/libnfc_haerbin_SuperCard_config.conf_24811 257327
//odm/etc/nfc/libnfc_haerbin_config.conf_23821 257328
//odm/etc/nfc/libnfc_haerbin_config.conf_24811 257329
//odm/etc/nfc/libnfc_hefei_SuperCard_config.conf_23821 257330
//odm/etc/nfc/libnfc_hefei_SuperCard_config.conf_24811 257331
//odm/etc/nfc/libnfc_hefei_config.conf_23821 257332
//odm/etc/nfc/libnfc_hefei_config.conf_24600 257333
//odm/etc/nfc/libnfc_hefei_config.conf_24620 257334
//odm/etc/nfc/libnfc_hefei_config.conf_24811 257335
//odm/etc/nfc/libnfc_zhengzhou_config.conf_24811 257336
//odm/etc/nfc/sn100u.bin_sn100t_fw_01_10_57 257337-257385
//odm/etc/nfc/sn100u.bin_sn100t_fw_01_10_60 257386-257434
//odm/etc/nfc/sn100u.bin_sn100t_fw_01_10_68 257435-257483
//odm/etc/nfc/sn220u.bin_sn220tu_fw_01_01_23 257484-257533
//odm/etc/nfc/sn220u.bin_sn220tu_fw_01_01_2B 257534-257583
//odm/etc/nfc/sn220u.bin_sn220tu_fw_01_01_30 257584-257633
//odm/etc/nfc/sn220u.bin_sn220tu_fw_01_01_33 257634-257683
//odm/etc/nfc/sn220u.bin_sn220tu_fw_01_01_36 257684-257733
//odm/etc/nfc/sn220u.bin_sn220tu_fw_01_01_3C 257734-257783
//odm/etc/nfc/sn220u.bin_sn220tu_fw_01_01_3E 257784-257833
//odm/etc/nfc/sn220u.bin_sn220tu_fw_01_01_3F 257834-257883
//odm/etc/nfc/st21nfc_fw.bin_st21h 257884-257934
//odm/etc/nfc/st21nfc_fw7.bin_st21h 257935-257985
//odm/etc/oplusmetaaudio/HP_MOVIE_ANALOG.bin 257986-257987
//odm/etc/oplusmetaaudio/HP_MOVIE_BLUETOOTH.bin 257988-257989
//odm/etc/oplusmetaaudio/HP_MOVIE_DIGITAL.bin 257990-257991
//odm/etc/oplusmetaaudio/HP_MOVIE_GALILEO.bin 257992-257993
//odm/etc/oplusmetaaudio/HP_MUSIC_ANALOG.bin 257994-257995
//odm/etc/oplusmetaaudio/HP_MUSIC_BLUETOOTH.bin 257996-257997
//odm/etc/oplusmetaaudio/HP_MUSIC_DIGITAL.bin 257998-257999
//odm/etc/oplusmetaaudio/HP_MUSIC_GALILEO.bin 258000-258001
//odm/etc/oplusmetaaudio/SPAT_AUDIOX_ROOMMODEL_MOVIE.bin 258002-258066
//odm/etc/oplusmetaaudio/SPAT_AUDIOX_ROOMMODEL_MUSIC.bin 258067-258131
//odm/etc/oplusmss/double.tflite 258132-259314
//odm/etc/power_profile/power_profile.xml 259315-259316
//odm/etc/rftoolkit/proj_cases.xml 259317
//odm/etc/rftoolkit/proj_param.xml 259318
//odm/etc/selinux/precompiled_sepolicy 259319-259506
//odm/etc/selinux/precompiled_sepolicy_debug 259507-259697
//odm/etc/sensor/sensor_config.json 259698
//odm/etc/spatializer/HP_MOVIE_ANALOG.bin 259699-259701
//odm/etc/spatializer/HP_MOVIE_BLUETOOTH.bin 259702-259704
//odm/etc/spatializer/HP_MOVIE_DIGITAL.bin 259705-259707
//odm/etc/spatializer/HP_MOVIE_GALILEO.bin 259708-259710
//odm/etc/spatializer/HP_MUSIC_ANALOG.bin 259711-259713
//odm/etc/spatializer/HP_MUSIC_BLUETOOTH.bin 259714-259716
//odm/etc/spatializer/HP_MUSIC_DIGITAL.bin 259717-259719
//odm/etc/spatializer/HP_MUSIC_GALILEO.bin 259720-259722
//odm/etc/spatializer/SPAT_AUDIOX_ROOMMODEL_MOVIE.bin 259723-259787
//odm/etc/spatializer/SPAT_AUDIOX_ROOMMODEL_MUSIC.bin 259788-259852
//odm/etc/spatializer/SPK_MOVIE_lvl1.bin 259853-259855
//odm/etc/spatializer/SPK_MOVIE_lvl10.bin 259856-259858
//odm/etc/spatializer/SPK_MOVIE_lvl2.bin 259859-259861
//odm/etc/spatializer/SPK_MOVIE_lvl3.bin 259862-259864
//odm/etc/spatializer/SPK_MOVIE_lvl4.bin 259865-259867
//odm/etc/spatializer/SPK_MOVIE_lvl5.bin 259868-259870
//odm/etc/spatializer/SPK_MOVIE_lvl6.bin 259871-259873
//odm/etc/spatializer/SPK_MOVIE_lvl7.bin 259874-259876
//odm/etc/spatializer/SPK_MOVIE_lvl8.bin 259877-259879
//odm/etc/spatializer/SPK_MOVIE_lvl9.bin 259880-259882
//odm/etc/temperature_profile/sys_thermal_control_config.xml 259883-259885
//odm/etc/temperature_profile/sys_thermal_control_config_gt.xml 259886-259888
//odm/etc/uah/uahconfig.pb 259889-259904
//odm/etc/vibrator/vibrator_effect.json 259905
//odm/etc/vintf/telephony_manifest_dsds.xml 259906
//odm/etc/vintf/telephony_manifest_ssss.xml 259907
//odm/etc/wifi/wifisar.cfg 259908
//odm/firmware/fastchg/silicon_p_x24_batt_si_loss_config_table.txt 259909-259911
//odm/firmware/fastchg/silicon_p_x24_smart_chg_config_table.txt 259912-259917
//odm/firmware/secure_ta/alipay.b01 259918-259926
//odm/firmware/secure_ta/alipay.b06 259927-259928
//odm/firmware/secure_ta/alipay.b08 259929
//odm/firmware/secure_ta/alipay.mdt 259930
//odm/firmware/secure_ta/antdtx.b01 259931-259961
//odm/firmware/secure_ta/antdtx.b06 259962-259965
//odm/firmware/secure_ta/antdtx.b08 259966
//odm/firmware/secure_ta/antdtx.mdt 259967
//odm/firmware/secure_ta/cryptoeng.b01 259968-260066
//odm/firmware/secure_ta/cryptoeng.b03 260067-260068
//odm/firmware/secure_ta/cryptoeng.b04 260069-260073
//odm/firmware/secure_ta/cryptoeng.b06 260074-260085
//odm/firmware/secure_ta/cryptoeng.b07 260086-260087
//odm/firmware/secure_ta/cryptoeng.b08 260088
//odm/firmware/secure_ta/cryptoeng.mdt 260089
//odm/firmware/secure_ta/fidoctap.b01 260090-260138
//odm/firmware/secure_ta/fidoctap.b04 260139
//odm/firmware/secure_ta/fidoctap.b06 260140-260144
//odm/firmware/secure_ta/fidoctap.b08 260145
//odm/firmware/secure_ta/fidoctap.mdt 260146
//odm/firmware/secure_ta/fidotap.b01 260147-260169
//odm/firmware/secure_ta/fidotap.b04 260170
//odm/firmware/secure_ta/fidotap.b06 260171-260173
//odm/firmware/secure_ta/fidotap.b08 260174
//odm/firmware/secure_ta/fidotap.mdt 260175
//odm/firmware/ufs/SAMSUNG-KLUFG4NHHB-F0G1.bin 260176-260374
//odm/firmware/ufs/SKhynix-HN8T174EJKX075.bin 260375-260524
//odm/firmware/ufs/SKhynix-HN8T274EJKX130.bin 260525-260674
//odm/firmware/ufs/SKhynix-HN8T374ZJKX141.bin 260675-260824
//odm/lib/hw/audio.virtual.default.so 260825-260829
//odm/lib64/aiboost/libQnnHtp.so 260830-261048
//odm/lib64/aiboost/libQnnHtpV79Stub.so 261049-261096
//odm/lib64/aiboost/libQnnSystem.so 261097-261125
//odm/lib64/camera/awb_parameter_default.bin 261126-261363
//odm/lib64/camera/awb_parameter_sunny_imx480_front.bin 261364-261561
//odm/lib64/camera/awb_parameter_sunny_imx882_tele.bin 261562-261797
//odm/lib64/camera/awb_parameter_sunny_imx896_main.bin 261798-262024
//odm/lib64/camera/awb_parameter_sunny_ov08d_wide.bin 262025-262245
//odm/lib64/camera/com.qti.sensor.imx480.so 262246-262248
//odm/lib64/camera/com.qti.sensor.imx896.so 262249-262252
//odm/lib64/camera/com.qti.sensor.ov08d.so 262253-262255
//odm/lib64/camera/com.qti.sensormodule.sunny_imx480.bin 262256-262261
//odm/lib64/camera/com.qti.sensormodule.sunny_imx896.bin 262262-262304
//odm/lib64/camera/com.qti.sensormodule.sunny_ov08d.bin 262305-262323
//odm/lib64/camera/com.qti.tuned.default.sun.bin 262324-262390
//odm/lib64/camera/com.qti.tuned.sunny_imx480_front.bin 262391-262544
//odm/lib64/camera/com.qti.tuned.sunny_imx896_main.bin 262545-262961
//odm/lib64/camera/com.qti.tuned.sunny_ov08d_wide.bin 262962-263105
//odm/lib64/camera/libaecCustomParam_Cam0.bin 263106-263216
//odm/lib64/camera/libaecCustomParam_Cam1.bin 263217-263228
//odm/lib64/camera/libaecCustomParam_Cam2.bin 263229-263260
//odm/lib64/camera/libaecCustomParam_Cam3.bin 263261-263268
//odm/lib64/camera/libafCustomParam_Cam0.bin 263269-263271
//odm/lib64/camera/libafCustomParam_Cam1.bin 263272-263273
//odm/lib64/camera/libafCustomParam_Cam2.bin 263274-263275
//odm/lib64/camera/libafCustomParam_Cam3.bin 263276-263277
//odm/lib64/hw/audio.binaural_record.default.so 263278-263578
//odm/lib64/hw/audio.virtual.default.so 263579-263584
//odm/lib64/hw/camera.oemlayer.so 263585-263880
//odm/lib64/hw/libvirtualaudio.so 263881-263903
//odm/lib64/hw/vendor.oplus.hardware.binaural_record-impl.so 263904-263916
//odm/lib64/oplusmss/libQnnHtp.so 263917-264159
//odm/lib64/oplusmss/libQnnHtpPrepare.so 264160-270615
//odm/lib64/oplusmss/libQnnHtpV79Stub.so 270616-270666
//odm/lib64/oplusmss/libQnnSystem.so 270667-270695
//odm/lib64/oplusmss/libaiboost.so 270696-271789
//odm/lib64/oplusmss/libaiboost_qnn_external_delegate.so 271790-271904
//odm/lib64/soundfx/libOplusAudioxAidl.so 271905-272018
//odm/lib64/soundfx/libOplusSpatializerAidl.so 272019-272132
//odm/lib64/soundfx/liboplusMssEffectsAidl.so 272133-272190
//odm/lib64/soundfx/liboplusupmixeffect.so 272191-272193
//odm/etc/acdbdata/FTM/acdb_cal.acdb 272194-272315
//odm/etc/acdbdata/FTM/workspaceFileXml.qwsp 272316-272524
//odm/etc/audio/audiox_param/HP_COMMON.bin 272525-272527
//odm/etc/audio/audiox_param/HP_GAME1.bin 272528-272530
//odm/etc/audio/audiox_param/HP_GAME2.bin 272531-272533
//odm/etc/audio/audiox_param/HP_MOVIE.bin 272534-272536
//odm/etc/audio/audiox_param/HP_MOVIE2.bin 272537-272539
//odm/etc/audio/audiox_param/HP_MUSIC.bin 272540-272542
//odm/etc/audio/audiox_param/HP_VOICE.bin 272543-272545
//odm/etc/audio/audiox_param/SPK_COMMON_lvl1.bin 272546-272548
//odm/etc/audio/audiox_param/SPK_COMMON_lvl2.bin 272549-272551
//odm/etc/audio/audiox_param/SPK_COMMON_lvl3.bin 272552-272554
//odm/etc/audio/audiox_param/SPK_COMMON_lvl4.bin 272555-272557
//odm/etc/audio/audiox_param/SPK_COMMON_lvl5.bin 272558-272560
//odm/etc/audio/audiox_param/SPK_GAME1_lvl1.bin 272561-272563
//odm/etc/audio/audiox_param/SPK_GAME1_lvl2.bin 272564-272566
//odm/etc/audio/audiox_param/SPK_GAME1_lvl3.bin 272567-272569
//odm/etc/audio/audiox_param/SPK_GAME1_lvl4.bin 272570-272572
//odm/etc/audio/audiox_param/SPK_GAME1_lvl5.bin 272573-272575
//odm/etc/audio/audiox_param/SPK_GAME2_lvl1.bin 272576-272578
//odm/etc/audio/audiox_param/SPK_GAME2_lvl2.bin 272579-272581
//odm/etc/audio/audiox_param/SPK_GAME2_lvl3.bin 272582-272584
//odm/etc/audio/audiox_param/SPK_GAME2_lvl4.bin 272585-272587
//odm/etc/audio/audiox_param/SPK_GAME2_lvl5.bin 272588-272590
//odm/etc/audio/audiox_param/SPK_MOVIE2_lvl1.bin 272591-272593
//odm/etc/audio/audiox_param/SPK_MOVIE2_lvl2.bin 272594-272596
//odm/etc/audio/audiox_param/SPK_MOVIE2_lvl3.bin 272597-272599
//odm/etc/audio/audiox_param/SPK_MOVIE2_lvl4.bin 272600-272602
//odm/etc/audio/audiox_param/SPK_MOVIE2_lvl5.bin 272603-272605
//odm/etc/audio/audiox_param/SPK_MOVIE_lvl1.bin 272606-272608
//odm/etc/audio/audiox_param/SPK_MOVIE_lvl2.bin 272609-272611
//odm/etc/audio/audiox_param/SPK_MOVIE_lvl3.bin 272612-272614
//odm/etc/audio/audiox_param/SPK_MOVIE_lvl4.bin 272615-272617
//odm/etc/audio/audiox_param/SPK_MOVIE_lvl5.bin 272618-272620
//odm/etc/audio/audiox_param/SPK_MUSIC_lvl1.bin 272621-272623
//odm/etc/audio/audiox_param/SPK_MUSIC_lvl2.bin 272624-272626
//odm/etc/audio/audiox_param/SPK_MUSIC_lvl3.bin 272627-272629
//odm/etc/audio/audiox_param/SPK_MUSIC_lvl4.bin 272630-272632
//odm/etc/audio/audiox_param/SPK_MUSIC_lvl5.bin 272633-272635
//odm/etc/audio/audiox_param/SPK_VOICE_lvl1.bin 272636-272638
//odm/etc/audio/audiox_param/SPK_VOICE_lvl2.bin 272639-272641
//odm/etc/audio/audiox_param/SPK_VOICE_lvl3.bin 272642-272644
//odm/etc/audio/audiox_param/SPK_VOICE_lvl4.bin 272645-272647
//odm/etc/audio/audiox_param/SPK_VOICE_lvl5.bin 272648-272650
//odm/etc/camera/anc/fusion_model 272651-276535
//odm/etc/camera/anc/fusion_model_post 276536-292010
//odm/etc/camera/ancsegbase/anc_cl_kernel.cache 292011-292057
//odm/etc/camera/ancsegbase/ancsegmulti_2_model.data 292058-293621
//odm/etc/camera/ancsegbase/ancsegmulti_5_model.data 293622-294911
//odm/etc/camera/ancsegbase/model.data 294912-299379
//odm/etc/camera/asd/class.dlc 299380-300373
//odm/etc/camera/asd/class_fullfov.dlc 300374-301015
//odm/etc/camera/asd/detect.dlc 301016-303707
//odm/etc/camera/cfr_bin/CFR_imx896.bin 303708
//odm/etc/camera/cfr_bin/CFR_ov08d.bin 303709
//odm/etc/camera/config/camera_unit_config 303710-303711
//odm/etc/camera/config/camera_unit_feature_config.protobuf 303712-303714
//odm/etc/camera/config/imx480 303715-303717
//odm/etc/camera/config/imx896 303718-303721
//odm/etc/camera/config/oplus_camera_algo_switch_config 303722
//odm/etc/camera/config/oplus_camera_algo_traversal_config.json 303723
//odm/etc/camera/config/oplus_camera_aps_config 303724-303726
//odm/etc/camera/config/oplus_camera_config 303727-303734
//odm/etc/camera/config/oplus_camera_preview_decision_config.json 303735-303738
//odm/etc/camera/config/oplus_preview_decision_params.json 303739-303740
//odm/etc/camera/config/ov08d 303741-303743
//odm/etc/camera/config/pickref_params.xml 303744-303745
//odm/etc/camera/config/sr_params.xml 303746-303786
//odm/etc/camera/dng/D28HUESATMap_imx355.txt 303787
//odm/etc/camera/dng/D28HUESATMap_imx882.txt 303788-303822
//odm/etc/camera/dng/D28HUESATMap_imx896.txt 303823-303858
//odm/etc/camera/dng/D28HUESATMap_imx906.txt 303859-303894
//odm/etc/camera/dng/D65HUESATMap_imx355.txt 303895
//odm/etc/camera/dng/D65HUESATMap_imx882.txt 303896-303931
//odm/etc/camera/dng/D65HUESATMap_imx896.txt 303932-303968
//odm/etc/camera/dng/D65HUESATMap_imx906.txt 303969-304005
//odm/etc/camera/fb_model/000.png 304006-304015
//odm/etc/camera/fb_model/000_pre.bin 304016-304023
//odm/etc/camera/fb_model/000_pre.png 304024-304028
//odm/etc/camera/fb_model/001.png 304029-304031
//odm/etc/camera/fb_model/001_pre.bin 304032-304034
//odm/etc/camera/fb_model/001_pre.png 304035
//odm/etc/camera/fb_model/002.png 304036-304041
//odm/etc/camera/fb_model/002_pre.bin 304042-304046
//odm/etc/camera/fb_model/003.png 304047-304058
//odm/etc/camera/fb_model/003_pre.bin 304059-304065
//odm/etc/camera/fb_model/010.png 304066-304075
//odm/etc/camera/fb_model/010_pre.bin 304076-304080
//odm/etc/camera/fb_model/010_pre.png 304081-304083
//odm/etc/camera/fb_model/011.png 304084-304086
//odm/etc/camera/fb_model/011_pre.bin 304087-304088
//odm/etc/camera/fb_model/012.png 304089-304093
//odm/etc/camera/fb_model/012_pre.bin 304094-304097
//odm/etc/camera/fb_model/013.png 304098-304101
//odm/etc/camera/fb_model/100.png 304102-304108
//odm/etc/camera/fb_model/100_pre.bin 304109-304113
//odm/etc/camera/fb_model/101.png 304114-304124
//odm/etc/camera/fb_model/101_pre.bin 304125-304131
//odm/etc/camera/fb_model/102.png 304132-304136
//odm/etc/camera/fb_model/102_pre.bin 304137-304140
//odm/etc/camera/fb_model/103.png 304141-304156
//odm/etc/camera/fb_model/103_pre.bin 304157-304166
//odm/etc/camera/fb_model/110.png 304167-304183
//odm/etc/camera/fb_model/110_pre.bin 304184-304190
//odm/etc/camera/fb_model/111.png 304191-304206
//odm/etc/camera/fb_model/111_pre.bin 304207-304214
//odm/etc/camera/fb_model/112.png 304215-304219
//odm/etc/camera/fb_model/112_pre.bin 304220-304222
//odm/etc/camera/fb_model/113.png 304223-304226
//odm/etc/camera/fb_model/200.png 304227-304232
//odm/etc/camera/fb_model/200_pre.bin 304233-304236
//odm/etc/camera/fb_model/201.png 304237-304246
//odm/etc/camera/fb_model/201_pre.bin 304247-304253
//odm/etc/camera/fb_model/202.png 304254-304257
//odm/etc/camera/fb_model/202_pre.bin 304258
//odm/etc/camera/fb_model/203.png 304259-304270
//odm/etc/camera/fb_model/203_pre.bin 304271-304279
//odm/etc/camera/fb_model/210.png 304280-304284
//odm/etc/camera/fb_model/210_pre.bin 304285-304287
//odm/etc/camera/fb_model/211.png 304288-304293
//odm/etc/camera/fb_model/211_pre.bin 304294-304296
//odm/etc/camera/fb_model/212.png 304297-304300
//odm/etc/camera/fb_model/212_pre.bin 304301
//odm/etc/camera/fb_model/213.png 304302-304305
//odm/etc/camera/fb_model/AIdeblemishSnapMask.bin 304306-304311
//odm/etc/camera/fb_model/AIdeblemishSnapMask.png 304312-304314
//odm/etc/camera/fb_model/SkinLUT_00.bin 304315-304506
//odm/etc/camera/fb_model/SkinLUT_01.bin 304507-304693
//odm/etc/camera/fb_model/SkinLUT_02.bin 304694-304885
//odm/etc/camera/fb_model/SkinLUT_03.bin 304886-305021
//odm/etc/camera/fb_model/SkinLUT_10.bin 305022-305213
//odm/etc/camera/fb_model/SkinLUT_11.bin 305214-305405
//odm/etc/camera/fb_model/SkinLUT_12.bin 305406-305591
//odm/etc/camera/fb_model/SkinLUT_13.bin 305592-305783
//odm/etc/camera/fb_model/SkinLUT_BW.bin 305784-305953
//odm/etc/camera/fb_model/SkinLUT_Red.bin 305954-306123
//odm/etc/camera/fb_model/beauty_body.bin 306124-307306
//odm/etc/camera/fb_model/brightLut.bin 307307-307561
//odm/etc/camera/fb_model/brightLut.png 307562-307582
//odm/etc/camera/fb_model/eyeBright.png 307583-307586
//odm/etc/camera/fb_model/eyesMask.bin 307587-307598
//odm/etc/camera/fb_model/eyesMask.png 307599-307604
//odm/etc/camera/fb_model/eyesMaskNew.bin 307605-307638
//odm/etc/camera/fb_model/eyesMaskNew.png 307639-307645
//odm/etc/camera/fb_model/face_faceshadow_chinese.bin 307646-308118
//odm/etc/camera/fb_model/face_facewarp_chinese.bin 308119-308214
//odm/etc/camera/fb_model/face_retouch_chinese.bin 308215-308400
//odm/etc/camera/fb_model/face_retouch_pre_chinese.bin 308401-308495
//odm/etc/camera/fb_model/face_retouch_pre_chinese_wechat.bin 308496-308596
//odm/etc/camera/fb_model/mouthmask.png 308597-308609
//odm/etc/camera/fb_model/preSkinmask137.bin 308610-308639
//odm/etc/camera/fb_model/preSkinmask137.png 308640-308659
//odm/etc/camera/fb_model/preSkinmask296.png 308660-308676
//odm/etc/camera/fb_model/redToneLut.bin 308677-308931
//odm/etc/camera/fb_model/redToneLut.png 308932-308950
//odm/etc/camera/fb_model/skinLUT_white_Bright.bin 308951-309152
//odm/etc/camera/fb_model/skinLUTs00.bin 309153-309408
//odm/etc/camera/fb_model/skinLUTs01.bin 309409-309652
//odm/etc/camera/fb_model/skinLUTs02.bin 309653-309908
//odm/etc/camera/fb_model/skinLUTs03.bin 309909-310084
//odm/etc/camera/fb_model/skinLUTs04.png 310085-310393
//odm/etc/camera/fb_model/skinLUTs05.png 310394-310696
//odm/etc/camera/fb_model/skinLUTs06.png 310697-310999
//odm/etc/camera/fb_model/skinLUTs10.bin 311000-311255
//odm/etc/camera/fb_model/skinLUTs11.bin 311256-311511
//odm/etc/camera/fb_model/skinLUTs12.bin 311512-311752
//odm/etc/camera/fb_model/skinLUTs13.bin 311753-312008
//odm/etc/camera/fb_model/skinLUTs_yuv16_00.bin 312009-312011
//odm/etc/camera/fb_model/skinLUTs_yuv16_01.bin 312012-312014
//odm/etc/camera/fb_model/skinLUTs_yuv16_02.bin 312015-312017
//odm/etc/camera/fb_model/skinLUTs_yuv16_03.bin 312018-312020
//odm/etc/camera/fb_model/skinLUTs_yuv16_10.bin 312021-312023
//odm/etc/camera/fb_model/skinLUTs_yuv16_11.bin 312024-312026
//odm/etc/camera/fb_model/skinLUTs_yuv16_12.bin 312027-312029
//odm/etc/camera/fb_model/skinLUTs_yuv16_13.bin 312030-312032
//odm/etc/camera/fb_model/skinmask.bin 312033-312130
//odm/etc/camera/fb_model/skinmask.png 312131-312162
//odm/etc/camera/fb_model/skinmask_new.png 312163-312189
//odm/etc/camera/fb_model/snapEyeBright.bin 312190-312445
//odm/etc/camera/fb_model/snapEyeMask.bin 312446-312454
//odm/etc/camera/fb_model/snapEyeMask.png 312455-312459
//odm/etc/camera/fb_model/snapFemale000.bin 312460-312469
//odm/etc/camera/fb_model/snapFemale001.bin 312470-312473
//odm/etc/camera/fb_model/snapFemale002.bin 312474-312478
//odm/etc/camera/fb_model/snapFemale003.bin 312479-312492
//odm/etc/camera/fb_model/snapMale010.bin 312493-312502
//odm/etc/camera/fb_model/snapMale011.bin 312503-312506
//odm/etc/camera/fb_model/snapMale012.bin 312507-312510
//odm/etc/camera/fb_model/snapMouthMask.bin 312511-312544
//odm/etc/camera/fb_model/snapSkinmask.bin 312545-312593
//odm/etc/camera/fb_model/unify_skin_base.bin 312594-312835
//odm/etc/camera/fb_model/whiteToneLut.bin 312836-313091
//odm/etc/camera/fb_model/whiteToneLut.png 313092-313097
//odm/etc/camera/filters_lut/B1VLf4peM 313098-313101
//odm/etc/camera/filters_lut/B1aMqioxf 313102-313105
//odm/etc/camera/filters_lut/B1nmcmWbG 313106-313109
//odm/etc/camera/filters_lut/B1si_XbZz 313110-313113
//odm/etc/camera/filters_lut/B612Pretty.cube.rgb.bin 313114-313117
//odm/etc/camera/filters_lut/BJJAwoigM 313118-313121
//odm/etc/camera/filters_lut/BJyKIwqxz 313122-313125
//odm/etc/camera/filters_lut/BeautyplusMellow-5.CUBE.rgb.bin 313126-313129
//odm/etc/camera/filters_lut/ByW7g4bbf 313130-313133
//odm/etc/camera/filters_lut/ByYo3If 313134-313136
//odm/etc/camera/filters_lut/BycYf7WWz 313137-313140
//odm/etc/camera/filters_lut/Cold.cube.rgb.bin 313141-313167
//odm/etc/camera/filters_lut/DL_D_G4.cube.rgb.bin 313168-313198
//odm/etc/camera/filters_lut/DL_L_B6.cube.rgb.bin 313199-313210
//odm/etc/camera/filters_lut/Delta400.3dl.rgb.bin 313211-313220
//odm/etc/camera/filters_lut/Emerald.cube.rgb.bin 313221-313252
//odm/etc/camera/filters_lut/EyxRbD2UCe 313253-313256
//odm/etc/camera/filters_lut/FaceappGrayscale.cube.rgb.bin 313257-313258
//odm/etc/camera/filters_lut/InsClarendon.cube.rgb.bin 313259-313262
//odm/etc/camera/filters_lut/InsJuno.cube.rgb.bin 313263-313266
//odm/etc/camera/filters_lut/InsValencia-2.cube.rgb.bin 313267-313270
//odm/etc/camera/filters_lut/LMT_6_D65_33.cube 313271-313400
//odm/etc/camera/filters_lut/Martin.cube.rgb.bin 313401-313431
//odm/etc/camera/filters_lut/ODT_2020_PQ10000nits-P3_srgb,roll-off_33_ver5.cube 313432-313519
//odm/etc/camera/filters_lut/OPLUSR0604.cube.rgb.bin 313520-313551
//odm/etc/camera/filters_lut/PP1-soft-2.6.CUBE.rgb.bin 313552-313555
//odm/etc/camera/filters_lut/PP2-pop-4.1.CUBE.rgb.bin 313556-313559
//odm/etc/camera/filters_lut/PP3-mono-3.3.CUBE.rgb.bin 313560-313561
//odm/etc/camera/filters_lut/Radiance.cube.rgb.bin 313562-313593
//odm/etc/camera/filters_lut/SJ3mbr6ef 313594-313597
//odm/etc/camera/filters_lut/Serenity.cube.rgb.bin 313598-313629
//odm/etc/camera/filters_lut/SkpZ8ebbz 313630-313633
//odm/etc/camera/filters_lut/SnapseedBright.cube.rgb.bin 313634-313635
//odm/etc/camera/filters_lut/SweetSnapAlice-3.CUBE.rgb.bin 313636-313639
//odm/etc/camera/filters_lut/Sy4uLSTgf 313640-313641
//odm/etc/camera/filters_lut/Syt2KeZZf 313642-313645
//odm/etc/camera/filters_lut/Texture-70.cube.rgb.bin 313646-313677
//odm/etc/camera/filters_lut/V01-landscape-2.6.CUBE.rgb.bin 313678-313681
//odm/etc/camera/filters_lut/V02-portrait-2.5.CUBE.rgb.bin 313682-313685
//odm/etc/camera/filters_lut/V03-food-2.0.CUBE.rgb.bin 313686-313689
//odm/etc/camera/filters_lut/V04-night-1.3.CUBE.rgb.bin 313690-313693
//odm/etc/camera/filters_lut/V05-mono-3.3.CUBE.rgb.bin 313694-313695
//odm/etc/camera/filters_lut/White.cube.rgb.bin 313696-313702
//odm/etc/camera/filters_lut/YoucamAdorable80.cube.rgb.bin 313703-313706
//odm/etc/camera/filters_lut/b-w-P8.CUBE.rgb.bin 313707-313711
//odm/etc/camera/filters_lut/black_gold.bin 313712-313739
//odm/etc/camera/filters_lut/blackandwhite.cube.rgb.bin 313740-313752
//odm/etc/camera/filters_lut/bowu-2.1.cube.rgb.bin 313753-313756
//odm/etc/camera/filters_lut/bright_coloured.bin 313757-313788
//odm/etc/camera/filters_lut/calm-V5.CUBE.rgb.bin 313789-313820
//odm/etc/camera/filters_lut/candy-P7.CUBE.rgb.bin 313821-313852
//odm/etc/camera/filters_lut/cola.bin 313853-313872
//odm/etc/camera/filters_lut/cyberpunk-kitsch-3.1.CUBE.rgb.bin 313873-313899
//odm/etc/camera/filters_lut/cyberpunk-neoMilitarism-2.4-final.CUBE.rgb.bin 313900-313903
//odm/etc/camera/filters_lut/default 313904-313907
//odm/etc/camera/filters_lut/delight-P3.CUBE.rgb.bin 313908-313939
//odm/etc/camera/filters_lut/delight-V1.CUBE.rgb.bin 313940-313971
//odm/etc/camera/filters_lut/dolby_preview_3dlut.cube 313972-314045
//odm/etc/camera/filters_lut/drjw1994.bin 314046-314076
//odm/etc/camera/filters_lut/drjw2010.bin 314077-314083
//odm/etc/camera/filters_lut/empty_33.cube 314084-314213
//odm/etc/camera/filters_lut/f_bin_hideaki 314214-314217
//odm/etc/camera/filters_lut/f_candy_water_weak.cube.rgb.bin 314218-314221
//odm/etc/camera/filters_lut/f_contrast_gray_face_dark 314222-314223
//odm/etc/camera/filters_lut/f_fuji_strong.cube.rgb.bin 314224-314227
//odm/etc/camera/filters_lut/f_japan_strong.cube.rgb.bin 314228-314231
//odm/etc/camera/filters_lut/farewell-V7.CUBE.rgb.bin 314232-314263
//odm/etc/camera/filters_lut/fuji-eterna-v2.cube.rgb.bin 314264-314295
//odm/etc/camera/filters_lut/fuji.cube.rgb.bin 314296-314327
//odm/etc/camera/filters_lut/gourmet.cube.rgb.bin 314328-314359
//odm/etc/camera/filters_lut/gt-24hour-city.cube.rgb.bin 314360-314391
//odm/etc/camera/filters_lut/gt-3dcity.cube.rgb.bin 314392-314423
//odm/etc/camera/filters_lut/gt-after-glow.cube.rgb.bin 314424-314455
//odm/etc/camera/filters_lut/gt-azure-water.cube.rgb.bin 314456-314487
//odm/etc/camera/filters_lut/gt-beach.cube.rgb.bin 314488-314514
//odm/etc/camera/filters_lut/gt-blue-water.cube.rgb.bin 314515-314546
//odm/etc/camera/filters_lut/gt-coco-grove.cube.rgb.bin 314547-314578
//odm/etc/camera/filters_lut/gt-crisp-fall.cube.rgb.bin 314579-314606
//odm/etc/camera/filters_lut/gt-desert.cube.rgb.bin 314607-314638
//odm/etc/camera/filters_lut/gt-earth.cube.rgb.bin 314639-314669
//odm/etc/camera/filters_lut/gt-glazed-tile.cube.rgb.bin 314670-314701
//odm/etc/camera/filters_lut/gt-japan.cube.rgb.bin 314702-314733
//odm/etc/camera/filters_lut/gt-lake.cube.rgb.bin 314734-314765
//odm/etc/camera/filters_lut/gt-mountainous.cube.rgb.bin 314766-314797
//odm/etc/camera/filters_lut/gt-old-times.cube.rgb.bin 314798-314826
//odm/etc/camera/filters_lut/gt-quietly-ele.cube.rgb.bin 314827-314858
//odm/etc/camera/filters_lut/gt-rosy.cube.rgb.bin 314859-314889
//odm/etc/camera/filters_lut/gt-steaming.cube.rgb.bin 314890-314921
//odm/etc/camera/filters_lut/interstellar_space.bin 314922-314953
//odm/etc/camera/filters_lut/jiari-2.0.cube.rgb.bin 314954-314957
//odm/etc/camera/filters_lut/jw_sun.CUBE.rgb.bin 314958-314989
//odm/etc/camera/filters_lut/jw_surprise.CUBE.rgb.bin 314990-315021
//odm/etc/camera/filters_lut/kodak.cube.rgb.bin 315022-315052
//odm/etc/camera/filters_lut/lvtu-2.0.cube.rgb.bin 315053-315056
//odm/etc/camera/filters_lut/meiwei-2.2.cube.rgb.bin 315057-315060
//odm/etc/camera/filters_lut/mellow-V3.CUBE.rgb.bin 315061-315092
//odm/etc/camera/filters_lut/misty-P5.CUBE.rgb.bin 315093-315124
//odm/etc/camera/filters_lut/misty-V4.CUBE.rgb.bin 315125-315156
//odm/etc/camera/filters_lut/mono.cube.rgb.bin 315157-315168
//odm/etc/camera/filters_lut/morandi.cube.rgb.bin 315169-315200
//odm/etc/camera/filters_lut/natural-P1.CUBE.rgb.bin 315201-315227
//odm/etc/camera/filters_lut/natural.cube.rgb.bin 315228-315259
//odm/etc/camera/filters_lut/neon-2020.cube.rgb.bin 315260-315291
//odm/etc/camera/filters_lut/oplus-black-gold.cube.rgb.bin 315292-315295
//odm/etc/camera/filters_lut/oplus-cyberpunk.cube.rgb.bin 315296-315299
//odm/etc/camera/filters_lut/oplus-nightcity.cube.rgb.bin 315300-315303
//odm/etc/camera/filters_lut/oplus-r-black-gold-1.1-RGB.CUBE.rgb.bin 315304-315330
//odm/etc/camera/filters_lut/oplus-r-cyberpunk-RGB.CUBE.rgb.bin 315331-315362
//odm/etc/camera/filters_lut/oplus-r-infra-RGB.CUBE.rgb.bin 315363-315390
//odm/etc/camera/filters_lut/oplus-yellow-blue.cube.rgb.bin 315391-315394
//odm/etc/camera/filters_lut/oplus_SAREK_III.cube.rgb.bin 315395-315398
//odm/etc/camera/filters_lut/oplus_VAEROY_III.cube.rgb.bin 315399-315402
//odm/etc/camera/filters_lut/oplus_YLLAAS.cube.rgb.bin 315403-315406
//odm/etc/camera/filters_lut/oplus_r4.cube.rgb.bin 315407-315410
//odm/etc/camera/filters_lut/oplus_r5.cube.rgb.bin 315411-315414
//odm/etc/camera/filters_lut/oplus_r6.cube.rgb.bin 315415-315417
//odm/etc/camera/filters_lut/oplus_video_filter_black_and_white 315418-315423
//odm/etc/camera/filters_lut/oplus_video_filter_highlight 315424-315455
//odm/etc/camera/filters_lut/oplus_video_filter_ins 315456-315487
//odm/etc/camera/filters_lut/oplus_video_filter_natal 315488-315519
//odm/etc/camera/filters_lut/oplus_video_filter_olympus 315520-315551
//odm/etc/camera/filters_lut/oplus_video_filter_plain 315552-315583
//odm/etc/camera/filters_lut/oplus_video_filter_show 315584-315615
//odm/etc/camera/filters_lut/oplus_video_filter_solar 315616-315645
//odm/etc/camera/filters_lut/oplus_video_filter_strong 315646-315666
//odm/etc/camera/filters_lut/oplus_video_filter_west 315667-315698
//odm/etc/camera/filters_lut/p4_1.cube.rgb.bin 315699-315714
//odm/etc/camera/filters_lut/p4_2.cube.rgb.bin 315715-315747
//odm/etc/camera/filters_lut/p4_3.cube.rgb.bin 315748-315750
//odm/etc/camera/filters_lut/p4_4.cube.rgb.bin 315751-315754
//odm/etc/camera/filters_lut/qiuri-2.0.cube.rgb.bin 315755-315758
//odm/etc/camera/filters_lut/r1JaFSZZG 315759-315762
//odm/etc/camera/filters_lut/r1PrfoolG 315763-315766
//odm/etc/camera/filters_lut/rJ5g5vPWG 315767-315770
//odm/etc/camera/filters_lut/rJxJtmaez 315771-315774
//odm/etc/camera/filters_lut/red-red.cube.rgb.bin 315775-315788
//odm/etc/camera/filters_lut/rkMhq4ZWf 315789-315792
//odm/etc/camera/filters_lut/rkx5u4Zbf 315793-315796
//odm/etc/camera/filters_lut/senlin-2.0.cube.rgb.bin 315797-315800
//odm/etc/camera/filters_lut/serene-P9.CUBE.rgb.bin 315801-315832
//odm/etc/camera/filters_lut/sky-blue.cube.rgb.bin 315833-315843
//odm/etc/camera/filters_lut/sweet-P2.CUBE.rgb.bin 315844-315871
//odm/etc/camera/filters_lut/sweet-V2.CUBE.rgb.bin 315872-315898
//odm/etc/camera/filters_lut/tree-green.cube.rgb.bin 315899-315915
//odm/etc/camera/filters_lut/type_fuji_acros 315916-315928
//odm/etc/camera/filters_lut/type_fuji_astia 315929-315960
//odm/etc/camera/filters_lut/type_fuji_chrome 315961-315992
//odm/etc/camera/filters_lut/type_fuji_provia 315993-316024
//odm/etc/camera/filters_lut/type_fuji_velvia 316025-316056
//odm/etc/camera/filters_lut/vivid-cool.cube.rgb.bin 316057-316088
//odm/etc/camera/filters_lut/vivid-lut.cube.rgb.bin 316089-316116
//odm/etc/camera/filters_lut/vivid-warm.cube.rgb.bin 316117-316148
//odm/etc/camera/filters_lut/yuanqi-2.2s.cube.rgb.bin 316149-316152
//odm/etc/camera/filters_res/film_grain_small.bin 316153-317176
//odm/etc/camera/filters_res/lut_all_points.png 317177
//odm/etc/camera/filters_res/overlay_p4_3_weak.png 317178-317257
//odm/etc/camera/gesture/tt_hand_box_reg_v12.0.model 317258-317350
//odm/etc/camera/gesture/tt_hand_det_v11.0.model 317351-317362
//odm/etc/camera/gesture/tt_hand_gesture_v11.1.model 317363-317402
//odm/etc/camera/gesture/tt_hand_kp_v6.0.model 317403-317485
//odm/etc/camera/gesture/tt_hand_lr_v3.0.model 317486-317519
//odm/etc/camera/hybridraw_models/QRCodeFlattenPriors.bin 317520-317527
//odm/etc/camera/hybridraw_models/QRCodeFlattenStride.bin 317528
//odm/etc/camera/hybridraw_models/QRCode_det.bin 317529-318498
//odm/etc/camera/hybridraw_models/ai_motion_mask.bin 318499-319590
//odm/etc/camera/hybridraw_models/ai_motion_mask_18M.bin 319591-320682
//odm/etc/camera/hybridraw_models/ai_motion_mask_1Div2M.bin 320683-321747
//odm/etc/camera/hybridraw_models/ai_motion_mask_3Div2M.bin 321748-322830
//odm/etc/camera/hybridraw_models/ai_motion_mask_50M.bin 322831-323922
//odm/etc/camera/hybridraw_models/ai_seg_human_landscape.bin 323923-325003
//odm/etc/camera/hybridraw_models/ai_seg_human_portrait.bin 325004-326090
//odm/etc/camera/hybridraw_models/ai_seg_sky_day.bin 326091-327156
//odm/etc/camera/hybridraw_models/ai_seg_sky_night.bin 327157-328235
//odm/etc/camera/hybridraw_models/detail_net.bin 328236-328276
//odm/etc/camera/hybridraw_models/faceDetPriors.bin 328277-328295
//odm/etc/camera/hybridraw_models/face_det.bin 328296-328417
//odm/etc/camera/hybridraw_models/gan_enhancer_10x.bin 328418-329939
//odm/etc/camera/hybridraw_models/gan_enhancer_20x.bin 329940-332114
//odm/etc/camera/hybridraw_models/gan_enhancer_40x.bin 332115-334348
//odm/etc/camera/hybridraw_models/gan_enhancer_60x_sd.bin 334349-336405
//odm/etc/camera/hybridraw_models/highmagsol_20x.bin 336406-336501
//odm/etc/camera/hybridraw_models/highmagsol_40x.bin 336502-336598
//odm/etc/camera/hybridraw_models/highmagsol_80x.bin 336599-336691
//odm/etc/camera/hybridraw_models/pedestrianDetPriors.bin 336692-336726
//odm/etc/camera/hybridraw_models/pedestrian_det.bin 336727-337574
//odm/etc/camera/hybridraw_models/postSr.bin 337575-337696
//odm/etc/camera/hybridraw_models/sd_noise0.bin 337697-338992
//odm/etc/camera/hybridraw_models/sd_noise1.bin 338993-339019
//odm/etc/camera/hybridraw_models/sd_noise2.bin 339020-339046
//odm/etc/camera/hybridraw_models/tele_binning_ev0.bin 339047-341128
//odm/etc/camera/hybridraw_models/tele_binning_ev0_60x.bin 341129-342384
//odm/etc/camera/hybridraw_models/tele_binning_ev0_motion_3f.bin 342385-343343
//odm/etc/camera/hybridraw_models/tele_binning_ev0_sf.bin 343344-343830
//odm/etc/camera/hybridraw_models/tele_binning_evm.bin 343831-344317
//odm/etc/camera/hybridraw_models/tele_binning_evm_60x.bin 344318-344773
//odm/etc/camera/hybridraw_models/tele_binning_evmm.bin 344774-345261
//odm/etc/camera/hybridraw_models/tele_quadbayer_ev0.bin 345262-347645
//odm/etc/camera/hybridraw_models/tele_quadbayer_ev0_60x.bin 347646-349715
//odm/etc/camera/hybridraw_models/tele_quadbayer_evm.bin 349716-350705
//odm/etc/camera/hybridraw_models/tele_quadbayer_evm_60x.bin 350706-351659
//odm/etc/camera/hybridraw_models/text_det.bin 351660-356768
//odm/etc/camera/hybridraw_models/text_embedding.bin 356769-356845
//odm/etc/camera/hybridraw_models/unet.bin 356846-468385
//odm/etc/camera/hybridraw_models/vae_decoder.bin 468386-483460
//odm/etc/camera/hybridraw_models/vae_decoder_vertical.bin 483461-497677
//odm/etc/camera/hybridraw_models/vae_encoder.bin 497678-507369
//odm/etc/camera/hybridraw_models/vae_encoder_vertical.bin 507370-517099
//odm/etc/camera/meishe_lut/ByYo3If 517100-517102
//odm/etc/camera/meishe_lut/Cold.cube.rgb.bin 517103-517123
//odm/etc/camera/meishe_lut/DL_A_MoneyBall.bin 517124-517147
//odm/etc/camera/meishe_lut/DL_B_Inception.bin 517148-517171
//odm/etc/camera/meishe_lut/DL_C_R3_80.bin 517172-517195
//odm/etc/camera/meishe_lut/DL_D_G4.cube.rgb.bin 517196-517219
//odm/etc/camera/meishe_lut/DL_L_B6.cube.rgb.bin 517220-517230
//odm/etc/camera/meishe_lut/Delta400.3dl.rgb.bin 517231-517238
//odm/etc/camera/meishe_lut/Emerald.cube.rgb.bin 517239-517262
//odm/etc/camera/meishe_lut/Martin.cube.rgb.bin 517263-517286
//odm/etc/camera/meishe_lut/OPLUSR0604.cube.rgb.bin 517287-517310
//odm/etc/camera/meishe_lut/Radiance.cube.rgb.bin 517311-517334
//odm/etc/camera/meishe_lut/Serenity.cube.rgb.bin 517335-517358
//odm/etc/camera/meishe_lut/Texture-70.cube.rgb.bin 517359-517382
//odm/etc/camera/meishe_lut/White.cube.rgb.bin 517383-517388
//odm/etc/camera/meishe_lut/black_gold.bin 517389-517391
//odm/etc/camera/meishe_lut/blackandwhite.cube.rgb.bin 517392-517403
//odm/etc/camera/meishe_lut/bright_coloured.bin 517404-517427
//odm/etc/camera/meishe_lut/cola.bin 517428-517443
//odm/etc/camera/meishe_lut/cyberpunk-kitsch-3.1.CUBE.rgb.bin 517444-517465
//odm/etc/camera/meishe_lut/drjw1994.bin 517466-517489
//odm/etc/camera/meishe_lut/drjw2010.bin 517490
//odm/etc/camera/meishe_lut/fuji-cc-high.bin 517491-517514
//odm/etc/camera/meishe_lut/fuji-cc-low.bin 517515-517517
//odm/etc/camera/meishe_lut/fuji-eterna-v2.cube.rgb.bin 517518-517541
//odm/etc/camera/meishe_lut/fuji-nc.bin 517542-517544
//odm/etc/camera/meishe_lut/fuji-proNegHi.bin 517545-517547
//odm/etc/camera/meishe_lut/fuji.cube.rgb.bin 517548-517571
//odm/etc/camera/meishe_lut/fuji_cc.bin 517572-517574
//odm/etc/camera/meishe_lut/gourmet.cube.rgb.bin 517575-517598
//odm/etc/camera/meishe_lut/gt-24hour-city.cube.rgb.bin 517599-517622
//odm/etc/camera/meishe_lut/gt-3dcity.cube.rgb.bin 517623-517646
//odm/etc/camera/meishe_lut/gt-after-glow.cube.rgb.bin 517647-517670
//odm/etc/camera/meishe_lut/gt-azure-water.cube.rgb.bin 517671-517694
//odm/etc/camera/meishe_lut/gt-beach.cube.rgb.bin 517695-517715
//odm/etc/camera/meishe_lut/gt-blue-water.cube.rgb.bin 517716-517739
//odm/etc/camera/meishe_lut/gt-coco-grove.cube.rgb.bin 517740-517925
//odm/etc/camera/meishe_lut/gt-crisp-fall.cube.rgb.bin 517926-517946
//odm/etc/camera/meishe_lut/gt-desert.cube.rgb.bin 517947-517970
//odm/etc/camera/meishe_lut/gt-glazed-tile.cube.rgb.bin 517971-517994
//odm/etc/camera/meishe_lut/gt-mountainous.cube.rgb.bin 517995-518018
//odm/etc/camera/meishe_lut/gt-old-times.cube.rgb.bin 518019-518040
//odm/etc/camera/meishe_lut/gt-quietly-ele.cube.rgb.bin 518041-518064
//odm/etc/camera/meishe_lut/gt-steaming.cube.rgb.bin 518065-518088
//odm/etc/camera/meishe_lut/interstellar_space.bin 518089-518112
//odm/etc/camera/meishe_lut/jw_sun.CUBE.rgb.bin 518113-518136
//odm/etc/camera/meishe_lut/jw_surprise.CUBE.rgb.bin 518137-518160
//odm/etc/camera/meishe_lut/jzk-movie.cube.rgb.bin 518161-518163
//odm/etc/camera/meishe_lut/kodak.cube.rgb.bin 518164-518187
//odm/etc/camera/meishe_lut/meicam.child.bin 518188-518190
//odm/etc/camera/meishe_lut/mono.cube.rgb.bin 518191-518202
//odm/etc/camera/meishe_lut/morandi.cube.rgb.bin 518203-518226
//odm/etc/camera/meishe_lut/natural.cube.rgb.bin 518227-518250
//odm/etc/camera/meishe_lut/neon-2020.cube.rgb.bin 518251-518274
//odm/etc/camera/meishe_lut/oplus-black-gold.cube.rgb.bin 518275-518277
//odm/etc/camera/meishe_lut/oplus-cyberpunk.cube.rgb.bin 518278-518280
//odm/etc/camera/meishe_lut/oplus-nightcity.cube.rgb.bin 518281-518283
//odm/etc/camera/meishe_lut/oplus-yellow-blue.cube.rgb.bin 518284-518286
//odm/etc/camera/meishe_lut/p4_1.cube.rgb.bin 518287-518289
//odm/etc/camera/meishe_lut/p4_3.cube.rgb.bin 518290-518292
//odm/etc/camera/meishe_lut/rJ5g5vPWG 518293-518295
//odm/etc/camera/meishe_lut/red-red.cube.rgb.bin 518296-518306
//odm/etc/camera/meishe_lut/sky-blue.cube.rgb.bin 518307-518315
//odm/etc/camera/meishe_lut/tone-of-light.cube.rgb.bin 518316-518339
//odm/etc/camera/meishe_lut/tree-green.cube.rgb.bin 518340-518353
//odm/etc/camera/meishe_lut/vivid-cool.cube.rgb.bin 518354-518377
//odm/etc/camera/meishe_lut/vivid-lut.cube.rgb.bin 518378-518400
//odm/etc/camera/meishe_lut/vivid-warm.cube.rgb.bin 518401-518424
//odm/etc/camera/model/DocDetectV15.xbin 518425-518674
//odm/etc/camera/model/auto_crop_model.tflite 518675-519273
//odm/etc/camera/model/obj_det.tflite 519274-519518
//odm/etc/camera/pfb_bin/BeardSharp.bin 519519
//odm/etc/camera/pfb_bin/BeardSharp.frag 519520
//odm/etc/camera/pfb_bin/PreAddSRBinary.bin 519521
//odm/etc/camera/pfb_bin/PreCalVarBinary.bin 519522
//odm/etc/camera/pfb_bin/PreCalcSRBinary.bin 519523
//odm/etc/camera/pfb_bin/PreCalculateOutTex.bin 519524
//odm/etc/camera/pfb_bin/PreDepouchBinary.bin 519525-519526
//odm/etc/camera/pfb_bin/PreEyeMeanBinary.bin 519527
//odm/etc/camera/pfb_bin/PreGetHpMaskHor.bin 519528
//odm/etc/camera/pfb_bin/PreGetHpMaskVer.bin 519529
//odm/etc/camera/pfb_bin/PreGetInitHpMask.bin 519530
//odm/etc/camera/pfb_bin/PreHighPassBinary.bin 519531
//odm/etc/camera/pfb_bin/PreHighPassPreBinary.bin 519532-519533
//odm/etc/camera/pfb_bin/PreHoriFilterBinary.bin 519534
//odm/etc/camera/pfb_bin/PreMakeupBinary.bin 519535-519536
//odm/etc/camera/pfb_bin/PreMakeupMultiFaceBinary.bin 519537-519538
//odm/etc/camera/pfb_bin/PreMakeupSingleFaceBinary.bin 519539-519540
//odm/etc/camera/pfb_bin/PreMixImageBinary.bin 519541
//odm/etc/camera/pfb_bin/PreMorphBinary.bin 519542
//odm/etc/camera/pfb_bin/PreOnlywhitenBinary.bin 519543
//odm/etc/camera/pfb_bin/PreSaveMaskBinary.bin 519544
//odm/etc/camera/pfb_bin/PreSkintuneBinary.bin 519545-519546
//odm/etc/camera/pfb_bin/PreSkintuneMRTBinary.bin 519547
//odm/etc/camera/pfb_bin/PreSobelSumTwoBinary.bin 519548
//odm/etc/camera/pfb_bin/PreSobelTwoBinary.bin 519549
//odm/etc/camera/pfb_bin/PreSobelUpdateTwoBinary.bin 519550
//odm/etc/camera/pfb_bin/PreStitchFacesAnd2Cpu.bin 519551
//odm/etc/camera/pfb_bin/PreSurfaceBlurBinary.bin 519552
//odm/etc/camera/pfb_bin/PreVertFilterBinary.bin 519553
//odm/etc/camera/pfb_bin/PreVertSurBinary.bin 519554
//odm/etc/camera/pfb_bin/SkinCalcHue.bin 519555
//odm/etc/camera/pfb_bin/SkinColorBlur.bin 519556-519557
//odm/etc/camera/pfb_bin/SkinColorBlur.frag 519558
//odm/etc/camera/pfb_bin/SkinColorUnify.bin 519559
//odm/etc/camera/pfb_bin/snapAdjustProgramBinary.bin 519560
//odm/etc/camera/pfb_bin/snapBoxFilterBinary.bin 519561
//odm/etc/camera/pfb_bin/snapCalcSumProgramBinary.bin 519562
//odm/etc/camera/pfb_bin/snapContrastProgramBinary.bin 519563
//odm/etc/camera/pfb_bin/snapDodgeBurnBinary.bin 519564
//odm/etc/camera/pfb_bin/snapEYESMASKBinary.bin 519565
//odm/etc/camera/pfb_bin/snapEyeYUV2RGBBinary.bin 519566
//odm/etc/camera/pfb_bin/snapEyesTuneBinary.bin 519567-519568
//odm/etc/camera/pfb_bin/snapFSMixBinary.bin 519569
//odm/etc/camera/pfb_bin/snapFSNormBinary.bin 519570
//odm/etc/camera/pfb_bin/snapFSVarBinary.bin 519571
//odm/etc/camera/pfb_bin/snapGuidedFilterBBinary.bin 519572
//odm/etc/camera/pfb_bin/snapGuidedFilterCorrBinary.bin 519573
//odm/etc/camera/pfb_bin/snapGuidedFilterQBinary.bin 519574
//odm/etc/camera/pfb_bin/snapHighPassBinary.bin 519575-519576
//odm/etc/camera/pfb_bin/snapLUTsFilterBinary.bin 519577
//odm/etc/camera/pfb_bin/snapMakeupEditionTwoBinary.bin 519578
//odm/etc/camera/pfb_bin/snapMakeupMultiFaceBinary.bin 519579-519580
//odm/etc/camera/pfb_bin/snapMakeupSingleFaceBinary.bin 519581-519582
//odm/etc/camera/pfb_bin/snapMeanFilterBinary.bin 519583
//odm/etc/camera/pfb_bin/snapMorphBinary.bin 519584
//odm/etc/camera/pfb_bin/snapProgramABinary.bin 519585
//odm/etc/camera/pfb_bin/snapProgram_blurBinary.bin 519586
//odm/etc/camera/pfb_bin/snapProgram_bwBinary.bin 519587
//odm/etc/camera/pfb_bin/snapSaveMaskBinary.bin 519588-519589
//odm/etc/camera/pfb_bin/snapSurfaceBlurBinary.bin 519590-519591
//odm/etc/camera/singleblur/personseg.bin 519592-520098
//odm/etc/camera/sticker/M_SenseME_Action_5.2.12.model 520099-520983
//odm/etc/init/hw/init.oplus.wifi.rc 520984
//odm/etc/lvacfs_params/2mic/LVACFS_Calibration360_2mic.dat 520985-521084
//odm/etc/lvacfs_params/2mic/LVACFS_Configuration.txt 521085
//odm/etc/lvacfs_params/2mic/LVACFS_Parameter_ID10_MIC_VR.txt 521086
//odm/etc/lvacfs_params/2mic/LVACFS_Parameter_ID11_HE.txt 521087-521093
//odm/etc/lvacfs_params/2mic/LVACFS_Parameter_ID12_HE_APP1.txt 521094-521096
//odm/etc/lvacfs_params/2mic/LVACFS_Parameter_ID13_HE_APP2.txt 521097-521099
//odm/etc/lvacfs_params/2mic/LVACFS_Parameter_ID14_HE_Cam.txt 521100-521102
//odm/etc/lvacfs_params/2mic/LVACFS_Parameter_ID15_HE_Conference.txt 521103-521105
//odm/etc/lvacfs_params/2mic/LVACFS_Parameter_ID16_HE_Fast.txt 521106
//odm/etc/lvacfs_params/2mic/LVACFS_Parameter_ID17_HE_Interview.txt 521107-521109
//odm/etc/lvacfs_params/2mic/LVACFS_Parameter_ID18_HE_Unprocess.txt 521110
//odm/etc/lvacfs_params/2mic/LVACFS_Parameter_ID19_HE_Voice.txt 521111
//odm/etc/lvacfs_params/2mic/LVACFS_Parameter_ID1_MIC_Normal.txt 521112-521118
//odm/etc/lvacfs_params/2mic/LVACFS_Parameter_ID20_HE_VR.txt 521119
//odm/etc/lvacfs_params/2mic/LVACFS_Parameter_ID21_USB_Normal.txt 521120
//odm/etc/lvacfs_params/2mic/LVACFS_Parameter_ID22_USB_APP1.txt 521121
//odm/etc/lvacfs_params/2mic/LVACFS_Parameter_ID23_BT_Normal.txt 521122
//odm/etc/lvacfs_params/2mic/LVACFS_Parameter_ID24_BT_APP1.txt 521123
//odm/etc/lvacfs_params/2mic/LVACFS_Parameter_ID25_2mic_zoom.txt 521124-521130
//odm/etc/lvacfs_params/2mic/LVACFS_Parameter_ID2_MIC_APP1.txt 521131-521136
//odm/etc/lvacfs_params/2mic/LVACFS_Parameter_ID3_MIC_APP2.txt 521137-521142
//odm/etc/lvacfs_params/2mic/LVACFS_Parameter_ID4_MIC_Cam.txt 521143-521148
//odm/etc/lvacfs_params/2mic/LVACFS_Parameter_ID5_MIC_Conference.txt 521149-521154
//odm/etc/lvacfs_params/2mic/LVACFS_Parameter_ID6_MIC_Fast.txt 521155
//odm/etc/lvacfs_params/2mic/LVACFS_Parameter_ID7_MIC_Interview.txt 521156-521159
//odm/etc/lvacfs_params/2mic/LVACFS_Parameter_ID8_MIC_Unprocess.txt 521160
//odm/etc/lvacfs_params/2mic/LVACFS_Parameter_ID9_MIC_Voice.txt 521161
//odm/etc/nfc/pnscr/libnfc-nxp-pnscr.conf 521162-521163
//odm/etc/nfc/pnscr/sn100u_bootup.pnscr 521164
//odm/etc/nfc/pnscr/sn100u_ese_disableIso.pnscr 521165
//odm/etc/nfc/pnscr/sn100u_ese_disableIsoRead.pnscr 521166
//odm/etc/nfc/pnscr/sn100u_pnx_ese_aclog.pnscr 521167
//odm/etc/nfc/pnscr/sn100u_pnx_ese_cplc.pnscr 521168
//odm/etc/nfc/pnscr/sn100u_pnx_ese_fabkey.pnscr 521169
//odm/etc/nfc/pnscr/sn100u_pnx_ese_free.pnscr 521170
//odm/etc/nfc/pnscr/sn100u_pnx_ese_keyset.pnscr 521171
//odm/etc/nfc/pnscr/sn100u_pnx_ese_sn.pnscr 521172
//odm/etc/nfc/pnscr/sn100u_pnx_freq.pnscr 521173
//odm/etc/sensor/config/pakala_mtp_ak09919.json 521174
//odm/etc/sensor/config/pakala_mtp_alsps.json 521175
//odm/etc/sensor/config/pakala_mtp_alsps_hw_tcs3720.json 521176
//odm/etc/sensor/config/pakala_mtp_bmi26x.json 521177
//odm/etc/sensor/config/pakala_mtp_cct_rear.json 521178
//odm/etc/sensor/config/pista_qrd_ois_system.json 521179
//odm/etc/wifi/peach/bdwlan.elf 521180-521183
//odm/etc/wifi/peach/bdwlang.elf 521184-521186
//odm/etc/wifi/peach/regdb.bin 521187-521188
//odm/firmware/tp/24620/FW_S3910_BOE.img 521189-521236
//odm/firmware/tp/24620/FW_S3910_BOE_FAE.img 521237-521284
//odm/firmware/tp/24620/FW_S3910_BOE_HBP.img 521285-521332
//odm/firmware/tp/24620/FW_S3910_BOE_HBP_FAE.img 521333-521380
//odm/firmware/tp/24620/LIB_S3910_BOE_HBP_TS_ALGO.so 521381-521427
//odm/firmware/tp/24620/LIB_S3910_BOE_HBP_TS_HAL.so 521428-521444
//odm/firmware/tp/24620/LIMIT_S3910_BOE.img 521445
//odm/firmware/tp/24620/LIMIT_S3910_BOE_AGING.img 521446
//odm/firmware/tp/24620/LIMIT_S3910_BOE_HBP.img 521447
//odm/firmware/tp/24620/LIMIT_S3910_BOE_HBP_AGING.img 521448
//odm/firmware/tp/24620/libIfp.so 521449
//odm/firmware/tp/24620/libaifilm.so 521450-521473
//odm/firmware/tp/24620/model.tflite 521474-521483
//odm/firmware/tp/24620/sys_edge_touch_config.xml 521484
//odm/firmware/tp/24620/sys_touch_algo_feature_config.xml 521485
//odm/firmware/tp/24620/sys_touch_function_feature_config.xml 521486
//odm/lib/rfsa/adsp/capi_v3_oprec.so 521487-521495
//odm/lib/rfsa/adsp/libCalculator_skel.so 521496-521497
//odm/lib/rfsa/adsp/libQnnHtpV79.so 521498-522620
//odm/lib/rfsa/adsp/libQnnHtpV79Skel.so 522621-523566
//odm/lib/rfsa/adsp/libQnnSaver.so 523567-523609
//odm/lib/rfsa/adsp/libSuperRawPost_skel.so 523610-523627
//odm/lib/rfsa/adsp/libarc_gk_pt_hvx_skel.so 523628-523636
//odm/lib/rfsa/adsp/libarc_htp_driver_skel.so 523637-523645
//odm/lib/rfsa/adsp/libarcsoft_vdv_driver_skel.so 523646-523649
//odm/lib/rfsa/adsp/libhvxFaceBeautyPre_skel.so 523650-523667
//odm/lib/rfsa/adsp/libktveffect.so 523668-523698
//odm/lib/rfsa/adsp/libtfadsp_sb5_5_rx.so 523699-523748
//odm/lib/rfsa/adsp/libtfadsp_sb5_5_tx.so 523749-523751
//odm/lib/rfsa/adsp/nlc_bgth_v1_5.so 523752-523758
//odm/lib64/camera/components/com.oplus.node.depth.so 523759-523765
//odm/lib64/camera/components/com.oplus.node.evaof.so 523766-523775
//odm/lib64/camera/components/com.oplus.node.mvgsat.so 523776-523798
//odm/lib64/camera/components/com.oplus.node.preview.so 523799-523819
//odm/lib64/camera/components/com.oplus.node.sstabdefer.so 523820-523876
//odm/lib64/camera/components/com.oplus.node.sstabphoto.so 523877-523932
//odm/lib64/camera/components/com.oplus.node.sstabrealt.so 523933-523989
//odm/lib64/camera/components/com.oplus.stats.aec.so 523990-523992
//odm/lib64/camera/components/com.oplus.stats.af.so 523993-523996
//odm/lib64/camera/components/com.oplus.stats.awb.so 523997-523999
//odm/lib64/camera/components/com.oplus.stats.pdlib.so 524000-524002
//odm/lib64/camera/components/com.qti.node.videodarkvision.so 524003-524011
//odm/lib64/camera/components/libcamxoemsatsoftwarefusionwrapper.so 524012-524042
//odm/lib64/camera/components/libcamxoemsatwrapper.so 524043-524098
//odm/lib64/camera/components/libopluscolorsensorwrapper.so 524099-524103
//odm/vendor/etc/wifi/WCNSS_qcom_cfg.ini 524104-524106
//odm/vendor/etc/wifi/WCNSS_qcom_cfg_cmcc.ini 524107-524109
//odm/vendor/etc/wifi/WCNSS_qcom_cfg_roam.ini 524110-524112
//odm/etc/camera/aigc/aigc_models/blurDet_sm8750.bin 524113-524750
//odm/etc/camera/aigc/aigc_models/faceSeg_sm8750.bin 524751-525474
//odm/etc/camera/aigc/aigc_models/gfpgan1024_sm8750.bin 525475-536020
//odm/etc/camera/aigc/aigc_models/noise200.bin 536021-536788
//odm/etc/camera/aigc/libs/libODNN.so 536789-536944
//odm/etc/camera/aigc/libs/libOPAlgoCamAIGCFace.so 536945-537212
//odm/etc/camera/aigc/libs/libQnnHtp.so 537213-537431
//odm/etc/camera/aigc/libs/libQnnHtpV79Stub.so 537432-537479
//odm/etc/camera/aigc/libs/libQnnSystem.so 537480-537508
//odm/etc/camera/aigc/libs/libzlib.so 537509-537524
//odm/etc/camera/basictone/lmt/LMTLut0 537525-538200
//odm/etc/camera/basictone/lmt/LMTLut1 538201-538876
//odm/etc/camera/basictone/lmt/SCLut0 538877-539567
//odm/etc/camera/basictone/lmt/SCLut1 539568-540241
//odm/etc/camera/basictone/lmt/SCLut2 540242-540986
//odm/etc/camera/basictone/lmt/SCLut3 540987-541666
//odm/etc/camera/basictone/lmt/SCLut4 541667-541670
//odm/etc/camera/basictone/lmt/SCLut5 541671-542279
//odm/etc/camera/basictone/lmt/SCLut6 542280-542789
//odm/etc/camera/basictone/lmt/SCLut7 542790-543221
//odm/etc/camera/basictone/lmt/SCLut8 543222-543631
//odm/etc/camera/basictone/odt/ODT_Dolby 543632-543909
//odm/etc/camera/basictone/odt/ODT_Photo 543910-544605
//odm/etc/camera/basictone/odt/ODT_Pre 544606-545301
//odm/etc/camera/basictone/odt/ODT_Video 545302-545997
//odm/etc/camera/basictone/setting/Ditherout 545998-546746
//odm/etc/camera/basictone/setting_dolby/Ditherout 546747-547495
//odm/etc/camera/facerestore/fr_models/BDET.bin 547496-548134
//odm/etc/camera/facerestore/fr_models/BG.bin 548135-548744
//odm/etc/camera/facerestore/fr_models/DB.bin 548745-551147
//odm/etc/camera/facerestore/fr_models/FS.bin 551148-551875
//odm/etc/camera/facerestore/fr_models/F_C.bin 551876-552588
//odm/etc/camera/facerestore/fr_models/F_SE_A.bin 552589-553534
//odm/etc/camera/facerestore/fr_models/F_SE_B.bin 553535-554381
//odm/etc/camera/facerestore/fr_models/F_SL_A.bin 554382-555979
//odm/etc/camera/facerestore/fr_models/F_SL_B.bin 555980-557498
//odm/etc/camera/facerestore/fr_models/PRSG.bin 557499-563748
//odm/etc/camera/facerestore/fr_models/RM_GP_A.bix 563749-596110
//odm/etc/camera/facerestore/fr_models/RM_SE_A.bin 596111-597364
//odm/etc/camera/facerestore/fr_models/RM_SE_B.bin 597365-598462
//odm/etc/camera/facerestore/fr_models/RM_SE_C.bin 598463-599203
//odm/etc/camera/facerestore/fr_models/RM_SL_A.bin 599204-599653
//odm/etc/camera/facerestore/fr_models/RM_SL_B.bin 599654-599999
//odm/etc/camera/facerestore/fr_models/RM_SL_C.bin 600000-600779
//odm/etc/camera/facerestore/fr_models/RT_A.bin 600780-601575
//odm/etc/camera/facerestore/fr_models/RT_B.bin 601576-602752
//odm/etc/camera/facerestore/fr_models/RT_C.bin 602753-603869
//odm/etc/camera/facerestore/fr_models/RT_D.bin 603870-604941
//odm/etc/camera/filters_lut/masterlut/LMTLut0 604942-605690
//odm/etc/camera/filters_lut/masterlut/LMTLut1 605691-606439
//odm/etc/camera/filters_lut/masterlut/ODT_Photo 606440-606978
//odm/etc/camera/filters_lut/masterlut/SCLut0 606979-607727
//odm/etc/camera/filters_lut/masterlut/SCLut1 607728-608476
//odm/etc/camera/filters_lut/masterlut/SCLut2 608477-609225
//odm/etc/camera/filters_lut/masterlut/SCLut3 609226-609974
//odm/etc/camera/filters_lut/masterlut/SCLut4 609975-610723
//odm/etc/camera/filters_lut/masterlut/SCLut5 610724-611472
//odm/etc/camera/filters_lut/masterlut/SCLut6 611473-612221
//odm/etc/camera/filters_lut/masterlut/SCLut7 612222-612970
//odm/etc/camera/filters_lut/masterlut/SCLut8 612971-613719
//odm/etc/camera/gesture/modules/tt_hand_box_reg_v12.0.model 613720-613812
//odm/etc/camera/gesture/modules/tt_hand_det_v11.0.model 613813-613824
//odm/etc/camera/gesture/modules/tt_hand_gesture_v11.1.model 613825-613864
//odm/etc/vibrator/809/def/effect_100.bin 613865
//odm/etc/vibrator/809/def/effect_101.bin 613866
//odm/etc/vibrator/809/def/effect_102.bin 613867
//odm/etc/vibrator/809/def/effect_103.bin 613868
//odm/etc/vibrator/809/def/effect_104.bin 613869
//odm/etc/vibrator/809/def/effect_106.bin 613870
//odm/etc/vibrator/809/def/effect_108.bin 613871
//odm/etc/vibrator/809/def/effect_109.bin 613872
//odm/etc/vibrator/809/def/effect_118.bin 613873-613874
//odm/etc/vibrator/809/def/effect_170.bin 613875
//odm/etc/vibrator/809/def/effect_320.bin 613876
//odm/etc/vibrator/809/def/effect_321.bin 613877
//odm/etc/vibrator/809/def/effect_322.bin 613878
//odm/etc/vibrator/809/def/effect_323.bin 613879
//odm/etc/vibrator/809/def/effect_324.bin 613880
//odm/etc/vibrator/809/def/effect_325.bin 613881
//odm/etc/vibrator/809/def/effect_326.bin 613882
//odm/etc/vibrator/809/def/effect_327.bin 613883
//odm/etc/vibrator/809/def/effect_328.bin 613884
//odm/etc/vibrator/809/def/effect_329.bin 613885
//odm/etc/vibrator/809/def/effect_330.bin 613886
//odm/etc/vibrator/809/def/effect_331.bin 613887
//odm/etc/vibrator/809/def/effect_332.bin 613888
//odm/etc/vibrator/809/def/effect_333.bin 613889-613890
//odm/etc/vibrator/809/def/effect_334.bin 613891
//odm/etc/vibrator/809/def/effect_335.bin 613892
//odm/etc/vibrator/809/def/effect_336.bin 613893-613894
//odm/etc/vibrator/809/def/effect_337.bin 613895-613896
//odm/etc/vibrator/809/def/effect_338.bin 613897
//odm/etc/vibrator/809/def/effect_339.bin 613898
//odm/etc/vibrator/809/def/effect_340.bin 613899
//odm/etc/vibrator/809/def/effect_341.bin 613900
//odm/etc/vibrator/809/def/effect_342.bin 613901-613902
//odm/etc/vibrator/809/def/effect_343.bin 613903
//odm/etc/vibrator/809/def/effect_344.bin 613904
//odm/etc/vibrator/809/def/effect_345.bin 613905
//odm/etc/vibrator/809/def/effect_346.bin 613906
//odm/etc/vibrator/809/def/effect_371.bin 613907-613911
//odm/etc/vibrator/809/def/effect_372.bin 613912-613919
//odm/etc/vibrator/809/def/effect_373.bin 613920-613922
//odm/etc/vibrator/809/def/effect_374.bin 613923-613926
//odm/etc/vibrator/809/def/effect_375.bin 613927-613941
//odm/etc/vibrator/809/def/effect_376.bin 613942-613947
//odm/etc/vibrator/809/def/effect_377.bin 613948-613953
//odm/etc/vibrator/809/def/effect_378.bin 613954-613958
//odm/etc/vibrator/809/def/effect_379.bin 613959-613963
//odm/etc/vibrator/809/def/effect_380.bin 613964-613971
//odm/etc/vibrator/809/def/effect_381.bin 613972-613984
//odm/etc/vibrator/809/def/effect_382.bin 613985-613999
//odm/etc/vibrator/809/def/effect_383.bin 614000-614010
//odm/etc/vibrator/809/def/effect_384.bin 614011-614017
//odm/etc/vibrator/809/def/effect_385.bin 614018-614027
//odm/etc/vibrator/809/def/effect_386.bin 614028-614041
//odm/etc/vibrator/809/def/effect_387.bin 614042-614050
//odm/etc/vibrator/809/def/effect_388.bin 614051-614056
//odm/etc/vibrator/809/def/effect_389.bin 614057-614071
//odm/etc/vibrator/809/def/effect_390.bin 614072-614080
//odm/etc/vibrator/809/def/effect_391.bin 614081
//odm/etc/vibrator/809/def/effect_392.bin 614082
//odm/etc/vibrator/809/def/effect_393.bin 614083
//odm/etc/vibrator/809/def/effect_394.bin 614084
//odm/etc/vibrator/809/def/effect_395.bin 614085
//odm/etc/vibrator/809/def/effect_396.bin 614086
//odm/etc/vibrator/809/def/effect_397.bin 614087
//odm/etc/vibrator/809/def/effect_398.bin 614088
//odm/etc/vibrator/809/def/effect_399.bin 614089
//odm/etc/vibrator/809/def/effect_400.bin 614090
//odm/etc/vibrator/809/def/effect_401.bin 614091
//odm/etc/vibrator/809/def/effect_402.bin 614092
//odm/etc/vibrator/809/def/effect_403.bin 614093
//odm/etc/vibrator/809/def/effect_404.bin 614094
//odm/etc/vibrator/809/def/effect_405.bin 614095
//odm/etc/vibrator/809/def/effect_406.bin 614096
//odm/etc/vibrator/809/def/effect_407.bin 614097
//odm/etc/vibrator/809/def/effect_408.bin 614098
//odm/etc/vibrator/809/def/effect_409.bin 614099
//odm/etc/vibrator/809/def/effect_41.bin 614100
//odm/etc/vibrator/809/def/effect_410.bin 614101
//odm/etc/vibrator/809/def/effect_411.bin 614102-614103
//odm/etc/vibrator/809/def/effect_412.bin 614104
//odm/etc/vibrator/809/def/effect_413.bin 614105
//odm/etc/vibrator/809/def/effect_415.bin 614106-614107
//odm/etc/vibrator/809/def/effect_416.bin 614108
//odm/etc/vibrator/809/def/effect_417.bin 614109-614112
//odm/etc/vibrator/809/def/effect_418.bin 614113-614116
//odm/etc/vibrator/809/def/effect_419.bin 614117-614122
//odm/etc/vibrator/809/def/effect_42.bin 614123
//odm/etc/vibrator/809/def/effect_420.bin 614124-614125
//odm/etc/vibrator/809/def/effect_421.bin 614126-614136
//odm/etc/vibrator/809/def/effect_422.bin 614137-614148
//odm/etc/vibrator/809/def/effect_423.bin 614149-614152
//odm/etc/vibrator/809/def/effect_424.bin 614153-614160
//odm/etc/vibrator/809/def/effect_425.bin 614161-614168
//odm/etc/vibrator/809/def/effect_426.bin 614169-614170
//odm/etc/vibrator/809/def/effect_427.bin 614171-614173
//odm/etc/vibrator/809/def/effect_43.bin 614174
//odm/etc/vibrator/809/def/effect_44.bin 614175
//odm/etc/vibrator/809/def/effect_45.bin 614176
//odm/etc/vibrator/809/def/effect_46.bin 614177
//odm/etc/vibrator/809/def/effect_51.bin 614178
//odm/etc/vibrator/809/def/effect_52.bin 614179
//odm/etc/vibrator/809/def/effect_53.bin 614180
//odm/etc/vibrator/809/def/effect_55.bin 614181-614182
//odm/etc/vibrator/809/def/effect_56.bin 614183
//odm/etc/vibrator/809/def/effect_59.bin 614184-614185
//odm/etc/vibrator/809/def/effect_62.bin 614186
//odm/etc/vibrator/809/def/effect_63.bin 614187
//odm/etc/vibrator/809/def/effect_64.bin 614188-614189
//odm/etc/vibrator/809/def/effect_65.bin 614190
//odm/etc/vibrator/809/def/effect_66.bin 614191
//odm/etc/vibrator/809/def/effect_67.bin 614192
//odm/etc/vibrator/809/def/effect_68.bin 614193-614194
//odm/etc/vibrator/809/def/effect_69.bin 614195-614196
//odm/etc/vibrator/809/soft/effect_46.bin 614197
//odm/etc/camera/omoji/assets/sdk_assets/ai_face_processor_e51.bundle 614198-616804
//odm/etc/camera/omoji/assets/sdk_assets/controller_cpp.bundle 616805-617187
//odm/etc/camera/sticker/material/animoji/data.zip 617188-618697
//odm/etc/camera/sticker/material/animoji/snowleopard_v_0_0_0_9.zip 618698-619466
//odm/lib/rfsa/adsp/aiboost/signed/libQnnHtpV79Skel.so 619467-620412
//odm/lib/rfsa/adsp/aiboost/signed/libaiboostubwc_skel.so 620413-620427
//odm/lib/rfsa/adsp/oplusmss/unsigned/libQnnHtpV79Skel.so 620428-621340
