/product/bin/init.oplus.nandswap.sh 1-2
/product/bin/nandswap_tool 3-5
/product/bin/qvirtmgr 6-10
/product/etc/NOTICE.xml.gz 11-43
/product/etc/aconfig_flags.pb 44-65
/product/etc/apns-conf.xml 66-104
/product/etc/build_flags.json 105-106
/product/framework/ims-ext-common.jar 107-125
/product/framework/qti-telephony-hidl-wrapper-prd.jar 126-129
/product/framework/uimremoteclientlibrary.jar 130-131
/product/framework/uimremoteserverlibrary.jar 132-133
/product/framework/uimservicelibrary.jar 134-145
/product/lib/libandroid_logger.dylib.so 146-152
/product/lib/libanyhow.dylib.so 153-160
/product/lib/libbase.so 161-184
/product/lib/libbinder_ndk_sys.dylib.so 185
/product/lib/libbinder_rs.dylib.so 186-197
/product/lib/libbitflags.dylib.so 198
/product/lib/libc++.so 199-289
/product/lib/libcutils.so 290-324
/product/lib/libenv_logger.dylib.so 325-337
/product/lib/libhidlbase.so 338-399
/product/lib/libjni_aidl_service.so 400
/product/lib/libjni_filtershow_filters.so 401-407
/product/lib/libjni_jpegstream.so 408-470
/product/lib/libjni_jpegutil.so 471-507
/product/lib/libjni_latinime.so 508-607
/product/lib/libjni_tinyplanet.so 608
/product/lib/liblibc.dylib.so 609-612
/product/lib/liblog_rust.dylib.so 613-620
/product/lib/liblogger.dylib.so 621-622
/product/lib/libnix.dylib.so 623-650
/product/lib/libonce_cell.dylib.so 651
/product/lib/librustutils.dylib.so 652-660
/product/lib/libryu.dylib.so 661-671
/product/lib/libserde.dylib.so 672-680
/product/lib/libserde_json.dylib.so 681-697
/product/lib/libstd.dylib.so 698-797
/product/lib/libutils.so 798-810
/product/lib/libvendor_qti_qvirt_V1.dylib.so 811-821
/product/lib/vendor.qti.hardware.radio.internal.deviceinfo@1.0.so 822-840
/product/lib/vendor.qti.hardware.radio.qcrilhook@1.0.so 841-858
/product/lib/vendor.qti.qvirt-V1-ndk.so 859-865
/product/lib64/libandroid_log_sys.dylib.so 866
/product/lib64/libandroid_logger.dylib.so 867-869
/product/lib64/libanyhow.dylib.so 870-873
/product/lib64/libbase.so 874-899
/product/lib64/libbinder_ndk_sys.dylib.so 900
/product/lib64/libbinder_rs.dylib.so 901-908
/product/lib64/libbitflags.dylib.so 909
/product/lib64/libc++.so 910-1018
/product/lib64/libcfg_if.dylib.so 1019
/product/lib64/libcutils.so 1020-1059
/product/lib64/libdowncast_rs.dylib.so 1060
/product/lib64/libenv_logger.dylib.so 1061-1069
/product/lib64/libhidlbase.so 1070-1141
/product/lib64/libitoa.dylib.so 1142
/product/lib64/libjni_aidl_service.so 1143
/product/lib64/libjni_eglfence.so 1144
/product/lib64/libjni_filtershow_filters.so 1145-1150
/product/lib64/libjni_jpegstream.so 1151-1213
/product/lib64/libjni_jpegutil.so 1214-1253
/product/lib64/libjni_latinime.so 1254-1370
/product/lib64/libjni_tinyplanet.so 1371
/product/lib64/libjsoncpp.so 1372-1395
/product/lib64/liblibc.dylib.so 1396-1399
/product/lib64/liblog_rust.dylib.so 1400-1402
/product/lib64/liblogger.dylib.so 1403-1404
/product/lib64/libmemoffset.dylib.so 1405
/product/lib64/libnix.dylib.so 1406-1433
/product/lib64/libonce_cell.dylib.so 1434
/product/lib64/librustutils.dylib.so 1435-1439
/product/lib64/libryu.dylib.so 1440-1444
/product/lib64/libserde.dylib.so 1445-1448
/product/lib64/libserde_json.dylib.so 1449-1462
/product/lib64/libstatic_assertions.dylib.so 1463
/product/lib64/libstd.dylib.so 1464-1571
/product/lib64/libsystem_properties_bindgen_sys.dylib.so 1572
/product/lib64/libthiserror.dylib.so 1573
/product/lib64/libutils.so 1574-1590
/product/lib64/libvendor_qti_qvirt_V1.dylib.so 1591-1597
/product/lib64/vendor.qti.hardware.radio.qcrilhook@1.0.so 1598-1617
/product/lib64/vendor.qti.qvirt-V1-ndk.so 1618-1625
/product/overlay/CarrierConfigResCommon_Sys.apk 1626-1633
/product/overlay/CellBroadcastReceiverResCommon_Sys.apk 1634-1635
/product/overlay/CompanionDeviceManager__nosdcard__auto_generated_characteristics_rro.apk 1636
/product/overlay/FrameworksResCommon_Sys.apk 1637-1639
/product/overlay/OplusCarrierConfig.apk 1640-1676
/product/overlay/SettingsResCommon_Sys.apk 1677-1678
/product/overlay/SystemUIResCommon_Sys.apk 1679-1680
/product/overlay/TelecommResCommon_Sys.apk 1681-1682
/product/overlay/TelephonyResCommon_Sys.apk 1683-1684
/product/overlay/WifiResCommonMainline_Sys.apk 1685-1686
/product/overlay/WifiResCommon_Sys.apk 1687-1688
/product/overlay/framework-res__nosdcard__auto_generated_characteristics_rro.apk 1689-1756
/product/app/DeviceStatisticsService/DeviceStatisticsService.apk 1757-1767
/product/app/ModuleMetadata/ModuleMetadata.apk 1768-1769
/product/app/datastatusnotification/datastatusnotification.apk 1770-1774
/product/app/uimremoteclient/uimremoteclient.apk 1775-1792
/product/app/uimremoteserver/uimremoteserver.apk 1793-1808
/product/etc/init/init.oplus.nandswap.rc 1809
/product/etc/permissions/privapp-permissions-oplus.xml 1810-1811
/product/etc/selinux/product_sepolicy.cil 1812-1814
/product/etc/selinux/product_sepolicy_debug.cil 1815-1817
/product/etc/sysconfig/google.xml 1818
/product/etc/sysconfig/preinstalled-packages-platform-overlays.xml 1819
/product/overlay/DisplayCutoutEmulationCorner/DisplayCutoutEmulationCornerOverlay.apk 1820-1821
/product/overlay/DisplayCutoutEmulationDouble/DisplayCutoutEmulationDoubleOverlay.apk 1822-1823
/product/overlay/DisplayCutoutEmulationHole/DisplayCutoutEmulationHoleOverlay.apk 1824-1825
/product/overlay/DisplayCutoutEmulationTall/DisplayCutoutEmulationTallOverlay.apk 1826-1827
/product/overlay/DisplayCutoutEmulationWaterfall/DisplayCutoutEmulationWaterfallOverlay.apk 1828-1829
/product/overlay/FontNotoSerifSource/FontNotoSerifSourceOverlay.apk 1830-1831
/product/overlay/NavigationBarMode3Button/NavigationBarMode3ButtonOverlay.apk 1832-1833
/product/overlay/NavigationBarModeGestural/NavigationBarModeGesturalOverlay.apk 1834-1835
/product/overlay/NotesRoleEnabled/NotesRoleEnabledOverlay.apk 1836-1837
/product/overlay/TransparentNavigationBar/TransparentNavigationBarOverlay.apk 1838-1839
/product/framework/oat/arm/ims-ext-common.odex 1840
/product/framework/oat/arm/qti-telephony-hidl-wrapper-prd.odex 1841
/product/framework/oat/arm/uimremoteclientlibrary.odex 1842
/product/framework/oat/arm/uimremoteserverlibrary.odex 1843
/product/framework/oat/arm64/ims-ext-common.odex 1844
/product/framework/oat/arm64/qti-telephony-hidl-wrapper-prd.odex 1845
/product/framework/oat/arm64/uimremoteclientlibrary.odex 1846
/product/framework/oat/arm64/uimremoteserverlibrary.odex 1847
/product/media/audio/ui/Camera_Timer.ogg 1848-1849
/product/media/audio/ui/Camera_Timer_2sec.ogg 1850-1866
/product/media/audio/ui/Dock.ogg 1867
/product/media/audio/ui/Effect_Tick.ogg 1868
/product/media/audio/ui/InCallNotification.ogg 1869
/product/media/audio/ui/KeypressDelete.ogg 1870
/product/media/audio/ui/KeypressInvalid.ogg 1871
/product/media/audio/ui/KeypressReturn.ogg 1872
/product/media/audio/ui/KeypressSpacebar.ogg 1873
/product/media/audio/ui/KeypressStandard.ogg 1874
/product/media/audio/ui/Lock.ogg 1875
/product/media/audio/ui/LowBattery.ogg 1876-1877
/product/media/audio/ui/Screenshots.ogg 1878-1879
/product/media/audio/ui/Undock.ogg 1880-1884
/product/media/audio/ui/Unlock.ogg 1885
/product/media/audio/ui/VideoRecord.ogg 1886-1888
/product/media/audio/ui/camera_click.ogg 1889-1890
/product/media/audio/ui/camera_click_start.ogg 1891-1892
/product/media/audio/ui/camera_click_stop.ogg 1893-1894
/product/media/audio/ui/camera_focus.ogg 1895
/product/media/audio/ui/camera_shutter.ogg 1896-1898
/product/media/audio/ui/charging.ogg 1899-1900
/product/app/DeviceStatisticsService/oat/arm64/DeviceStatisticsService.odex 1901
/product/app/datastatusnotification/oat/arm64/datastatusnotification.odex 1902
/product/app/uimremoteclient/oat/arm64/uimremoteclient.odex 1903
/product/app/uimremoteserver/oat/arm64/uimremoteserver.odex 1904
